Component: Arm Compiler for Embedded 6.21 Tool: armlink [5ec1fa00]

==============================================================================

Section Cross References

    empty.o(.text.main) refers to ti_msp_dl_config.o(.text.SYSCFG_DL_init) for SYSCFG_DL_init
    empty.o(.text.main) refers to board.o(.text.board_init) for board_init
    empty.o(.text.main) refers to oled.o(.text.OLED_Init) for OLED_Init
    empty.o(.text.main) refers to oled.o(.text.OLED_ColorTurn) for OLED_ColorTurn
    empty.o(.text.main) refers to oled.o(.text.OLED_DisplayTurn) for OLED_DisplayTurn
    empty.o(.text.main) refers to bujin.o(.text.TWO_BUJIN_START_Init) for TWO_BUJIN_START_Init
    empty.o(.text.main) refers to all.o(.text.all_init) for all_init
    empty.o(.text.main) refers to yuntai_counter.o(.text.Location_DATA_init) for Location_DATA_init
    empty.o(.text.main) refers to k230.o(.text.K230_COUNTER) for K230_COUNTER
    empty.o(.text.main) refers to board.o(.text.delay_1ms) for delay_1ms
    empty.o(.text.main) refers to all.o(.text.code_carry) for code_carry
    empty.o(.ARM.exidx.text.main) refers to empty.o(.text.main) for [Anonymous Symbol]
    empty.o(.ARM.exidx.text.TIMA0_IRQHandler) refers to empty.o(.text.TIMA0_IRQHandler) for [Anonymous Symbol]
    empty.o(.text.TIMG6_IRQHandler) refers to bsp_track.o(.text.HUIDU_SHIBIE) for HUIDU_SHIBIE
    empty.o(.text.TIMG6_IRQHandler) refers to all.o(.bss.recongnize_state) for recongnize_state
    empty.o(.text.TIMG6_IRQHandler) refers to all.o(.bss.recongnize_time) for recongnize_time
    empty.o(.text.TIMG6_IRQHandler) refers to all.o(.data.exit_turn_state) for exit_turn_state
    empty.o(.text.TIMG6_IRQHandler) refers to bsp_track.o(.bss.huidupid) for huidupid
    empty.o(.text.TIMG6_IRQHandler) refers to all.o(.bss.track_feedback) for track_feedback
    empty.o(.ARM.exidx.text.TIMG6_IRQHandler) refers to empty.o(.text.TIMG6_IRQHandler) for [Anonymous Symbol]
    startup_mspm0g350x_uvision.o(RESET) refers to startup_mspm0g350x_uvision.o(STACK) for __initial_sp
    startup_mspm0g350x_uvision.o(RESET) refers to startup_mspm0g350x_uvision.o(.text) for Reset_Handler
    startup_mspm0g350x_uvision.o(RESET) refers to bsp_motor.o(.text.GROUP1_IRQHandler) for GROUP1_IRQHandler
    startup_mspm0g350x_uvision.o(RESET) refers to my_usart_dma.o(.text.UART3_IRQHandler) for UART3_IRQHandler
    startup_mspm0g350x_uvision.o(RESET) refers to my_usart_dma.o(.text.UART1_IRQHandler) for UART1_IRQHandler
    startup_mspm0g350x_uvision.o(RESET) refers to jy61p.o(.text.UART2_IRQHandler) for UART2_IRQHandler
    startup_mspm0g350x_uvision.o(RESET) refers to empty.o(.text.TIMG6_IRQHandler) for TIMG6_IRQHandler
    startup_mspm0g350x_uvision.o(RESET) refers to empty.o(.text.TIMA0_IRQHandler) for TIMA0_IRQHandler
    startup_mspm0g350x_uvision.o(.text) refers to entry.o(.ARM.Collect$$$$00000000) for __main
    ti_msp_dl_config.o(.text.SYSCFG_DL_init) refers to ti_msp_dl_config.o(.text.SYSCFG_DL_initPower) for SYSCFG_DL_initPower
    ti_msp_dl_config.o(.text.SYSCFG_DL_init) refers to ti_msp_dl_config.o(.text.SYSCFG_DL_GPIO_init) for SYSCFG_DL_GPIO_init
    ti_msp_dl_config.o(.text.SYSCFG_DL_init) refers to ti_msp_dl_config.o(.text.SYSCFG_DL_SYSCTL_init) for SYSCFG_DL_SYSCTL_init
    ti_msp_dl_config.o(.text.SYSCFG_DL_init) refers to ti_msp_dl_config.o(.text.SYSCFG_DL_PWM_MOTOR_init) for SYSCFG_DL_PWM_MOTOR_init
    ti_msp_dl_config.o(.text.SYSCFG_DL_init) refers to ti_msp_dl_config.o(.text.SYSCFG_DL_PWM_MOTOR_COPY_init) for SYSCFG_DL_PWM_MOTOR_COPY_init
    ti_msp_dl_config.o(.text.SYSCFG_DL_init) refers to ti_msp_dl_config.o(.text.SYSCFG_DL_PWM_MOTOR_COPY_COPY_init) for SYSCFG_DL_PWM_MOTOR_COPY_COPY_init
    ti_msp_dl_config.o(.text.SYSCFG_DL_init) refers to ti_msp_dl_config.o(.text.SYSCFG_DL_TIMER_0_init) for SYSCFG_DL_TIMER_0_init
    ti_msp_dl_config.o(.text.SYSCFG_DL_init) refers to ti_msp_dl_config.o(.text.SYSCFG_DL_TIMER_1_init) for SYSCFG_DL_TIMER_1_init
    ti_msp_dl_config.o(.text.SYSCFG_DL_init) refers to ti_msp_dl_config.o(.text.SYSCFG_DL_I2C_OLED_init) for SYSCFG_DL_I2C_OLED_init
    ti_msp_dl_config.o(.text.SYSCFG_DL_init) refers to ti_msp_dl_config.o(.text.SYSCFG_DL_UART_0_DEBUG_init) for SYSCFG_DL_UART_0_DEBUG_init
    ti_msp_dl_config.o(.text.SYSCFG_DL_init) refers to ti_msp_dl_config.o(.text.SYSCFG_DL_UART_3_init) for SYSCFG_DL_UART_3_init
    ti_msp_dl_config.o(.text.SYSCFG_DL_init) refers to ti_msp_dl_config.o(.text.SYSCFG_DL_UART_1_init) for SYSCFG_DL_UART_1_init
    ti_msp_dl_config.o(.text.SYSCFG_DL_init) refers to ti_msp_dl_config.o(.text.SYSCFG_DL_DMA_init) for SYSCFG_DL_DMA_init
    ti_msp_dl_config.o(.text.SYSCFG_DL_init) refers to ti_msp_dl_config.o(.text.SYSCFG_DL_SYSTICK_init) for SYSCFG_DL_SYSTICK_init
    ti_msp_dl_config.o(.text.SYSCFG_DL_init) refers to ti_msp_dl_config.o(.bss.gPWM_MOTOR_COPY_COPYBackup) for gPWM_MOTOR_COPY_COPYBackup
    ti_msp_dl_config.o(.text.SYSCFG_DL_init) refers to ti_msp_dl_config.o(.bss.gPWM_MOTORBackup) for gPWM_MOTORBackup
[...]
    __arm_cp.2_8                             0x0000276c   Number         4  ti_msp_dl_config.o(.text.SYSCFG_DL_GPIO_init)
    __arm_cp.2_9                             0x00002770   Number         4  ti_msp_dl_config.o(.text.SYSCFG_DL_GPIO_init)
    __arm_cp.2_10                            0x00002774   Number         4  ti_msp_dl_config.o(.text.SYSCFG_DL_GPIO_init)
    __arm_cp.2_11                            0x00002778   Number         4  ti_msp_dl_config.o(.text.SYSCFG_DL_GPIO_init)
    __arm_cp.2_12                            0x0000277c   Number         4  ti_msp_dl_config.o(.text.SYSCFG_DL_GPIO_init)
    __arm_cp.2_13                            0x00002780   Number         4  ti_msp_dl_config.o(.text.SYSCFG_DL_GPIO_init)
    __arm_cp.2_14                            0x00002784   Number         4  ti_msp_dl_config.o(.text.SYSCFG_DL_GPIO_init)
    __arm_cp.2_15                            0x00002788   Number         4  ti_msp_dl_config.o(.text.SYSCFG_DL_GPIO_init)
    __arm_cp.2_16                            0x0000278c   Number         4  ti_msp_dl_config.o(.text.SYSCFG_DL_GPIO_init)
    [Anonymous Symbol]                       0x00002790   Section        0  ti_msp_dl_config.o(.text.SYSCFG_DL_I2C_OLED_init)
    __arm_cp.9_0                             0x000027d8   Number         4  ti_msp_dl_config.o(.text.SYSCFG_DL_I2C_OLED_init)
    __arm_cp.9_1                             0x000027dc   Number         4  ti_msp_dl_config.o(.text.SYSCFG_DL_I2C_OLED_init)
    __arm_cp.9_2                             0x000027e0   Number         4  ti_msp_dl_config.o(.text.SYSCFG_DL_I2C_OLED_init)
    [Anonymous Symbol]                       0x000027e4   Section        0  ti_msp_dl_config.o(.text.SYSCFG_DL_PWM_MOTOR_COPY_COPY_init)
    __arm_cp.6_0                             0x00002850   Number         4  ti_msp_dl_config.o(.text.SYSCFG_DL_PWM_MOTOR_COPY_COPY_init)
    __arm_cp.6_1                             0x00002854   Number         4  ti_msp_dl_config.o(.text.SYSCFG_DL_PWM_MOTOR_COPY_COPY_init)
    __arm_cp.6_2                             0x00002858   Number         4  ti_msp_dl_config.o(.text.SYSCFG_DL_PWM_MOTOR_COPY_COPY_init)
    __arm_cp.6_4                             0x0000285c   Number         4  ti_msp_dl_config.o(.text.SYSCFG_DL_PWM_MOTOR_COPY_COPY_init)
    [Anonymous Symbol]                       0x00002860   Section        0  ti_msp_dl_config.o(.text.SYSCFG_DL_PWM_MOTOR_COPY_init)
    __arm_cp.5_0                             0x000028cc   Number         4  ti_msp_dl_config.o(.text.SYSCFG_DL_PWM_MOTOR_COPY_init)
    __arm_cp.5_1                             0x000028d0   Number         4  ti_msp_dl_config.o(.text.SYSCFG_DL_PWM_MOTOR_COPY_init)
    __arm_cp.5_2                             0x000028d4   Number         4  ti_msp_dl_config.o(.text.SYSCFG_DL_PWM_MOTOR_COPY_init)
    __arm_cp.5_4                             0x000028d8   Number         4  ti_msp_dl_config.o(.text.SYSCFG_DL_PWM_MOTOR_COPY_init)
    [Anonymous Symbol]                       0x000028dc   Section        0  ti_msp_dl_config.o(.text.SYSCFG_DL_PWM_MOTOR_init)
    __arm_cp.4_0                             0x00002948   Number         4  ti_msp_dl_config.o(.text.SYSCFG_DL_PWM_MOTOR_init)
    __arm_cp.4_1                             0x0000294c   Number         4  ti_msp_dl_config.o(.text.SYSCFG_DL_PWM_MOTOR_init)
    __arm_cp.4_2                             0x00002950   Number         4  ti_msp_dl_config.o(.text.SYSCFG_DL_PWM_MOTOR_init)
    __arm_cp.4_3                             0x00002954   Number         4  ti_msp_dl_config.o(.text.SYSCFG_DL_PWM_MOTOR_init)
    __arm_cp.4_4                             0x00002958   Number         4  ti_msp_dl_config.o(.text.SYSCFG_DL_PWM_MOTOR_init)
    __arm_cp.4_5                             0x0000295c   Number         4  ti_msp_dl_config.o(.text.SYSCFG_DL_PWM_MOTOR_init)
    [Anonymous Symbol]                       0x00002960   Section        0  ti_msp_dl_config.o(.text.SYSCFG_DL_SYSCTL_init)
    __arm_cp.3_0                             0x000029cc   Number         4  ti_msp_dl_config.o(.text.SYSCFG_DL_SYSCTL_init)
    __arm_cp.3_1                             0x000029d0   Number         4  ti_msp_dl_config.o(.text.SYSCFG_DL_SYSCTL_init)
    __arm_cp.3_2                             0x000029d4   Number         4  ti_msp_dl_config.o(.text.SYSCFG_DL_SYSCTL_init)
    [Anonymous Symbol]                       0x000029d8   Section        0  ti_msp_dl_config.o(.text.SYSCFG_DL_SYSTICK_init)
    __arm_cp.14_0                            0x000029f0   Number         4  ti_msp_dl_config.o(.text.SYSCFG_DL_SYSTICK_init)
    [Anonymous Symbol]                       0x000029f4   Section        0  ti_msp_dl_config.o(.text.SYSCFG_DL_TIMER_0_init)
    __arm_cp.7_0                             0x00002a24   Number         4  ti_msp_dl_config.o(.text.SYSCFG_DL_TIMER_0_init)
    __arm_cp.7_1                             0x00002a28   Number         4  ti_msp_dl_config.o(.text.SYSCFG_DL_TIMER_0_init)
    __arm_cp.7_2                             0x00002a2c   Number         4  ti_msp_dl_config.o(.text.SYSCFG_DL_TIMER_0_init)
    __arm_cp.7_3                             0x00002a30   Number         4  ti_msp_dl_config.o(.text.SYSCFG_DL_TIMER_0_init)
    __arm_cp.7_5                             0x00002a34   Number         4  ti_msp_dl_config.o(.text.SYSCFG_DL_TIMER_0_init)
    [Anonymous Symbol]                       0x00002a38   Section        0  ti_msp_dl_config.o(.text.SYSCFG_DL_TIMER_1_init)
    __arm_cp.8_0                             0x00002a68   Number         4  ti_msp_dl_config.o(.text.SYSCFG_DL_TIMER_1_init)
    __arm_cp.8_1                             0x00002a6c   Number         4  ti_msp_dl_config.o(.text.SYSCFG_DL_TIMER_1_init)
    __arm_cp.8_2                             0x00002a70   Number         4  ti_msp_dl_config.o(.text.SYSCFG_DL_TIMER_1_init)
    __arm_cp.8_3                             0x00002a74   Number         4  ti_msp_dl_config.o(.text.SYSCFG_DL_TIMER_1_init)
    __arm_cp.8_4                             0x00002a78   Number         4  ti_msp_dl_config.o(.text.SYSCFG_DL_TIMER_1_init)
    __arm_cp.8_5                             0x00002a7c   Number         4  ti_msp_dl_config.o(.text.SYSCFG_DL_TIMER_1_init)
    [Anonymous Symbol]                       0x00002a80   Section        0  ti_msp_dl_config.o(.text.SYSCFG_DL_UART_0_DEBUG_init)
    __arm_cp.10_0                            0x00002b08   Number         4  ti_msp_dl_config.o(.text.SYSCFG_DL_UART_0_DEBUG_init)
    __arm_cp.10_1                            0x00002b0c   Number         4  ti_msp_dl_config.o(.text.SYSCFG_DL_UART_0_DEBUG_init)
    __arm_cp.10_2                            0x00002b10   Number         4  ti_msp_dl_config.o(.text.SYSCFG_DL_UART_0_DEBUG_init)
    __arm_cp.10_3                            0x00002b14   Number         4  ti_msp_dl_config.o(.text.SYSCFG_DL_UART_0_DEBUG_init)
    __arm_cp.10_5                            0x00002b18   Number         4  ti_msp_dl_config.o(.text.SYSCFG_DL_UART_0_DEBUG_init)
    [Anonymous Symbol]                       0x00002b1c   Section        0  ti_msp_dl_config.o(.text.SYSCFG_DL_UART_1_init)
    __arm_cp.12_0                            0x00002b9c   Number         4  ti_msp_dl_config.o(.text.SYSCFG_DL_UART_1_init)
    __arm_cp.12_1                            0x00002ba0   Number         4  ti_msp_dl_config.o(.text.SYSCFG_DL_UART_1_init)
    __arm_cp.12_2                            0x00002ba4   Number         4  ti_msp_dl_config.o(.text.SYSCFG_DL_UART_1_init)
    __arm_cp.12_3                            0x00002ba8   Number         4  ti_msp_dl_config.o(.text.SYSCFG_DL_UART_1_init)
    __arm_cp.12_5                            0x00002bac   Number         4  ti_msp_dl_config.o(.text.SYSCFG_DL_UART_1_init)
    __arm_cp.12_6                            0x00002bb0   Number         4  ti_msp_dl_config.o(.text.SYSCFG_DL_UART_1_init)
    [Anonymous Symbol]                       0x00002bb4   Section        0  ti_msp_dl_config.o(.text.SYSCFG_DL_UART_3_init)
    __arm_cp.11_0                            0x00002c1c   Number         4  ti_msp_dl_config.o(.text.SYSCFG_DL_UART_3_init)
    __arm_cp.11_1                            0x00002c20   Number         4  ti_msp_dl_config.o(.text.SYSCFG_DL_UART_3_init)
    __arm_cp.11_2                            0x00002c24   Number         4  ti_msp_dl_config.o(.text.SYSCFG_DL_UART_3_init)
    __arm_cp.11_3                            0x00002c28   Number         4  ti_msp_dl_config.o(.text.SYSCFG_DL_UART_3_init)
    __arm_cp.11_4                            0x00002c2c   Number         4  ti_msp_dl_config.o(.text.SYSCFG_DL_UART_3_init)
    __arm_cp.11_5                            0x00002c30   Number         4  ti_msp_dl_config.o(.text.SYSCFG_DL_UART_3_init)
    __arm_cp.11_6                            0x00002c34   Number         4  ti_msp_dl_config.o(.text.SYSCFG_DL_UART_3_init)
    [Anonymous Symbol]                       0x00002c38   Section        0  ti_msp_dl_config.o(.text.SYSCFG_DL_init)
    __arm_cp.0_0                             0x00002c90   Number         4  ti_msp_dl_config.o(.text.SYSCFG_DL_init)
    __arm_cp.0_1                             0x00002c94   Number         4  ti_msp_dl_config.o(.text.SYSCFG_DL_init)
    __arm_cp.0_2                             0x00002c98   Number         4  ti_msp_dl_config.o(.text.SYSCFG_DL_init)
    __arm_cp.0_3                             0x00002c9c   Number         4  ti_msp_dl_config.o(.text.SYSCFG_DL_init)
    __arm_cp.0_4                             0x00002ca0   Number         4  ti_msp_dl_config.o(.text.SYSCFG_DL_init)
    [Anonymous Symbol]                       0x00002ca4   Section        0  ti_msp_dl_config.o(.text.SYSCFG_DL_initPower)
    __arm_cp.1_0                             0x00002d04   Number         4  ti_msp_dl_config.o(.text.SYSCFG_DL_initPower)
    __arm_cp.1_1                             0x00002d08   Number         4  ti_msp_dl_config.o(.text.SYSCFG_DL_initPower)
    __arm_cp.1_2                             0x00002d0c   Number         4  ti_msp_dl_config.o(.text.SYSCFG_DL_initPower)
    __arm_cp.1_3                             0x00002d10   Number         4  ti_msp_dl_config.o(.text.SYSCFG_DL_initPower)
    __arm_cp.1_4                             0x00002d14   Number         4  ti_msp_dl_config.o(.text.SYSCFG_DL_initPower)
    __arm_cp.1_5                             0x00002d18   Number         4  ti_msp_dl_config.o(.text.SYSCFG_DL_initPower)
    __arm_cp.1_6                             0x00002d1c   Number         4  ti_msp_dl_config.o(.text.SYSCFG_DL_initPower)
    __arm_cp.1_7                             0x00002d20   Number         4  ti_msp_dl_config.o(.text.SYSCFG_DL_initPower)
    __arm_cp.1_8                             0x00002d24   Number         4  ti_msp_dl_config.o(.text.SYSCFG_DL_initPower)
    __arm_cp.1_9                             0x00002d28   Number         4  ti_msp_dl_config.o(.text.SYSCFG_DL_initPower)
    __arm_cp.1_10                            0x00002d2c   Number         4  ti_msp_dl_config.o(.text.SYSCFG_DL_initPower)
    __arm_cp.1_11                            0x00002d30   Number         4  ti_msp_dl_config.o(.text.SYSCFG_DL_initPower)
    __arm_cp.1_12                            0x00002d34   Number         4  ti_msp_dl_config.o(.text.SYSCFG_DL_initPower)
    [Anonymous Symbol]                       0x00002d38   Section        0  bsp_motor.o(.text.Set_PWM)
    __arm_cp.2_0                             0x00002da8   Number         4  bsp_motor.o(.text.Set_PWM)
    __arm_cp.2_1                             0x00002dac   Number         4  bsp_motor.o(.text.Set_PWM)
    __arm_cp.2_2                             0x00002db0   Number         4  bsp_motor.o(.text.Set_PWM)
    __arm_cp.2_3                             0x00002db4   Number         4  bsp_motor.o(.text.Set_PWM)
    __arm_cp.2_4                             0x00002db8   Number         4  bsp_motor.o(.text.Set_PWM)
    [Anonymous Symbol]                       0x00002dbc   Section        0  test.o(.text.TEST_FIVE)
    [Anonymous Symbol]                       0x00002e10   Section        0  test.o(.text.TEST_FOUR)
    __arm_cp.3_0                             0x00002e64   Number         4  test.o(.text.TEST_FOUR)
    __arm_cp.3_3                             0x00002e68   Number         4  test.o(.text.TEST_FOUR)
    [Anonymous Symbol]                       0x00002e6c   Section        0  test.o(.text.TEST_THREE)
    [Anonymous Symbol]                       0x00002eb8   Section        0  test.o(.text.TEST_TWO)
    __arm_cp.1_0                             0x00002f08   Number         4  test.o(.text.TEST_TWO)
    __arm_cp.1_1                             0x00002f0c   Number         4  test.o(.text.TEST_TWO)
    __arm_cp.1_2                             0x00002f10   Number         4  test.o(.text.TEST_TWO)
    [Anonymous Symbol]                       0x00002f14   Section        0  empty.o(.text.TIMA0_IRQHandler)
    __arm_cp.1_0                             0x00002f1c   Number         4  empty.o(.text.TIMA0_IRQHandler)
    [Anonymous Symbol]                       0x00002f20   Section        0  empty.o(.text.TIMG6_IRQHandler)
    __arm_cp.2_0                             0x00002f60   Number         4  empty.o(.text.TIMG6_IRQHandler)
    __arm_cp.2_1                             0x00002f64   Number         4  empty.o(.text.TIMG6_IRQHandler)
    __arm_cp.2_2                             0x00002f68   Number         4  empty.o(.text.TIMG6_IRQHandler)
    __arm_cp.2_3                             0x00002f6c   Number         4  empty.o(.text.TIMG6_IRQHandler)
    __arm_cp.2_5                             0x00002f70   Number         4  empty.o(.text.TIMG6_IRQHandler)
    [Anonymous Symbol]                       0x00002f74   Section        0  bujin.o(.text.TWO_BUJIN_START_Init)
    __arm_cp.9_0                             0x00002fa4   Number         4  bujin.o(.text.TWO_BUJIN_START_Init)
    __arm_cp.9_1                             0x00002fa8   Number         4  bujin.o(.text.TWO_BUJIN_START_Init)
    [Anonymous Symbol]                       0x00002fac   Section        0  my_usart_dma.o(.text.UART1_Console_write)
    [Anonymous Symbol]                       0x00002fb0   Section        0  my_usart_dma.o(.text.UART1_IRQHandler)
    __arm_cp.5_0                             0x00002fd4   Number         4  my_usart_dma.o(.text.UART1_IRQHandler)
    __arm_cp.5_1                             0x00002fd8   Number         4  my_usart_dma.o(.text.UART1_IRQHandler)
    __arm_cp.5_2                             0x00002fdc   Number         4  my_usart_dma.o(.text.UART1_IRQHandler)
    __arm_cp.5_3                             0x00002fe0   Number         4  my_usart_dma.o(.text.UART1_IRQHandler)
    [Anonymous Symbol]                       0x00002fe4   Section        0  jy61p.o(.text.UART2_IRQHandler)
    __arm_cp.1_0                             0x00003140   Number         4  jy61p.o(.text.UART2_IRQHandler)
    __arm_cp.1_1                             0x00003144   Number         4  jy61p.o(.text.UART2_IRQHandler)
    __arm_cp.1_2                             0x00003148   Number         4  jy61p.o(.text.UART2_IRQHandler)
    __arm_cp.1_3                             0x0000314c   Number         4  jy61p.o(.text.UART2_IRQHandler)
    __arm_cp.1_4                             0x00003150   Number         4  jy61p.o(.text.UART2_IRQHandler)
    __arm_cp.1_5                             0x00003154   Number         4  jy61p.o(.text.UART2_IRQHandler)
    __arm_cp.1_6                             0x00003158   Number         4  jy61p.o(.text.UART2_IRQHandler)
    __arm_cp.1_7                             0x0000315c   Number         4  jy61p.o(.text.UART2_IRQHandler)
    __arm_cp.1_8                             0x00003160   Number         4  jy61p.o(.text.UART2_IRQHandler)
    __arm_cp.1_9                             0x00003164   Number         4  jy61p.o(.text.UART2_IRQHandler)
    __arm_cp.1_10                            0x00003168   Number         4  jy61p.o(.text.UART2_IRQHandler)
    __arm_cp.1_11                            0x0000316c   Number         4  jy61p.o(.text.UART2_IRQHandler)
    __arm_cp.1_12                            0x00003170   Number         4  jy61p.o(.text.UART2_IRQHandler)
    __arm_cp.1_13                            0x00003174   Number         4  jy61p.o(.text.UART2_IRQHandler)
    __arm_cp.1_14                            0x00003178   Number         4  jy61p.o(.text.UART2_IRQHandler)
    __arm_cp.1_15                            0x0000317c   Number         4  jy61p.o(.text.UART2_IRQHandler)
    __arm_cp.1_16                            0x00003180   Number         4  jy61p.o(.text.UART2_IRQHandler)
    __arm_cp.1_17                            0x00003184   Number         4  jy61p.o(.text.UART2_IRQHandler)
    [Anonymous Symbol]                       0x00003188   Section        0  my_usart_dma.o(.text.UART3_IRQHandler)
    __arm_cp.4_0                             0x0000320c   Number         4  my_usart_dma.o(.text.UART3_IRQHandler)
    __arm_cp.4_1                             0x00003210   Number         4  my_usart_dma.o(.text.UART3_IRQHandler)
    __arm_cp.4_2                             0x00003214   Number         4  my_usart_dma.o(.text.UART3_IRQHandler)
    [Anonymous Symbol]                       0x00003218   Section        0  board.o(.text.UART_printf)
    __arm_cp.9_0                             0x00003260   Number         4  board.o(.text.UART_printf)
    [Anonymous Symbol]                       0x00003264   Section        0  all.o(.text.all_init)
    __arm_cp.1_0                             0x00003270   Number         4  all.o(.text.all_init)
    __arm_cp.1_1                             0x00003274   Number         4  all.o(.text.all_init)
    [Anonymous Symbol]                       0x00003278   Section        0  board.o(.text.board_init)
    [Anonymous Symbol]                       0x00003280   Section        0  key.o(.text.click)
    __arm_cp.0_0                             0x00003324   Number         4  key.o(.text.click)
    __arm_cp.0_1                             0x00003328   Number         4  key.o(.text.click)
    __arm_cp.0_2                             0x0000332c   Number         4  key.o(.text.click)
    [Anonymous Symbol]                       0x00003330   Section        0  all.o(.text.code_carry)
    __arm_cp.3_0                             0x000033b0   Number         4  all.o(.text.code_carry)
    __arm_cp.3_1                             0x000033b4   Number         4  all.o(.text.code_carry)
    __arm_cp.3_2                             0x000033b8   Number         4  all.o(.text.code_carry)
    [Anonymous Symbol]                       0x000033bc   Section        0  board.o(.text.delay_1ms)
    [Anonymous Symbol]                       0x000033e8   Section        0  board.o(.text.delay_ms)
    __arm_cp.2_0                             0x00003414   Number         4  board.o(.text.delay_ms)
    [Anonymous Symbol]                       0x00003418   Section        0  board.o(.text.delay_us)
    __arm_cp.1_0                             0x00003444   Number         4  board.o(.text.delay_us)
    [Anonymous Symbol]                       0x00003448   Section        0  k230.o(.text.k230_DATA_GET)
    __arm_cp.2_0                             0x00003598   Number         4  k230.o(.text.k230_DATA_GET)
    __arm_cp.2_1                             0x0000359c   Number         4  k230.o(.text.k230_DATA_GET)
    __arm_cp.2_2                             0x000035a0   Number         4  k230.o(.text.k230_DATA_GET)
    __arm_cp.2_3                             0x000035a4   Number         4  k230.o(.text.k230_DATA_GET)
    __arm_cp.2_4                             0x000035a8   Number         4  k230.o(.text.k230_DATA_GET)
    __arm_cp.2_5                             0x000035ac   Number         4  k230.o(.text.k230_DATA_GET)
    __arm_cp.2_6                             0x000035b0   Number         4  k230.o(.text.k230_DATA_GET)
    __arm_cp.2_7                             0x000035b4   Number         4  k230.o(.text.k230_DATA_GET)
    __arm_cp.2_8                             0x000035b8   Number         4  k230.o(.text.k230_DATA_GET)
    __arm_cp.2_9                             0x000035bc   Number         4  k230.o(.text.k230_DATA_GET)
    __arm_cp.2_10                            0x000035c0   Number         4  k230.o(.text.k230_DATA_GET)
    __arm_cp.2_11                            0x000035c4   Number         4  k230.o(.text.k230_DATA_GET)
    __arm_cp.2_12                            0x000035c8   Number         4  k230.o(.text.k230_DATA_GET)
    __arm_cp.2_13                            0x000035cc   Number         4  k230.o(.text.k230_DATA_GET)
    __arm_cp.2_14                            0x000035d0   Number         4  k230.o(.text.k230_DATA_GET)
    __arm_cp.2_15                            0x000035d4   Number         4  k230.o(.text.k230_DATA_GET)
    [Anonymous Symbol]                       0x000035d8   Section        0  empty.o(.text.main)
    __arm_cp.0_0                             0x0000363c   Number         4  empty.o(.text.main)
    __arm_cp.0_1                             0x00003640   Number         4  empty.o(.text.main)
    __arm_cp.0_2                             0x00003644   Number         4  empty.o(.text.main)
    __arm_cp.0_3                             0x00003648   Number         4  empty.o(.text.main)
    [Anonymous Symbol]                       0x0000364c   Section        0  key.o(.text.question_click)
    [Anonymous Symbol]                       0x000036ac   Section        0  board.o(.text.uart3_send_string)
    __arm_cp.8_0                             0x000036c8   Number         4  board.o(.text.uart3_send_string)
    [Anonymous Symbol]                       0x000036cc   Section        0  all.o(.text.xunxian)
    __arm_cp.4_3                             0x0000387c   Number         4  all.o(.text.xunxian)
    __arm_cp.4_6                             0x00003880   Number         4  all.o(.text.xunxian)
    [Anonymous Symbol]                       0x00003884   Section        0  all.o(.text.xunxian_five)
    __arm_cp.6_0                             0x00003a50   Number         4  all.o(.text.xunxian_five)
    __arm_cp.6_1                             0x00003a54   Number         4  all.o(.text.xunxian_five)
    __arm_cp.6_2                             0x00003a58   Number         4  all.o(.text.xunxian_five)
    __arm_cp.6_3                             0x00003a5c   Number         4  all.o(.text.xunxian_five)
    __arm_cp.6_4                             0x00003a60   Number         4  all.o(.text.xunxian_five)
    __arm_cp.6_5                             0x00003a64   Number         4  all.o(.text.xunxian_five)
    __arm_cp.6_6                             0x00003a68   Number         4  all.o(.text.xunxian_five)
    __arm_cp.6_7                             0x00003a6c   Number         4  all.o(.text.xunxian_five)
    __arm_cp.6_8                             0x00003a70   Number         4  all.o(.text.xunxian_five)
    __arm_cp.6_9                             0x00003a74   Number         4  all.o(.text.xunxian_five)
    __arm_cp.6_10                            0x00003a78   Number         4  all.o(.text.xunxian_five)
    __arm_cp.6_11                            0x00003a7c   Number         4  all.o(.text.xunxian_five)
    __arm_cp.6_12                            0x00003a80   Number         4  all.o(.text.xunxian_five)
    __arm_cp.6_13                            0x00003a84   Number         4  all.o(.text.xunxian_five)
    __arm_cp.6_14                            0x00003a88   Number         4  all.o(.text.xunxian_five)
    __arm_cp.6_15                            0x00003a8c   Number         4  all.o(.text.xunxian_five)
    __arm_cp.6_16                            0x00003a90   Number         4  all.o(.text.xunxian_five)
    [Anonymous Symbol]                       0x00003aa0   Section        0  all.o(.text.xunxian_four)
    __arm_cp.5_0                             0x00003c6c   Number         4  all.o(.text.xunxian_four)
    __arm_cp.5_1                             0x00003c70   Number         4  all.o(.text.xunxian_four)
    __arm_cp.5_2                             0x00003c74   Number         4  all.o(.text.xunxian_four)
    __arm_cp.5_3                             0x00003c78   Number         4  all.o(.text.xunxian_four)
    __arm_cp.5_4                             0x00003c7c   Number         4  all.o(.text.xunxian_four)
    __arm_cp.5_5                             0x00003c80   Number         4  all.o(.text.xunxian_four)
    __arm_cp.5_6                             0x00003c84   Number         4  all.o(.text.xunxian_four)
    __arm_cp.5_7                             0x00003c88   Number         4  all.o(.text.xunxian_four)
    __arm_cp.5_8                             0x00003c8c   Number         4  all.o(.text.xunxian_four)
    __arm_cp.5_9                             0x00003c90   Number         4  all.o(.text.xunxian_four)
    __arm_cp.5_10                            0x00003c94   Number         4  all.o(.text.xunxian_four)
    __arm_cp.5_11                            0x00003c98   Number         4  all.o(.text.xunxian_four)
    __arm_cp.5_12                            0x00003c9c   Number         4  all.o(.text.xunxian_four)
    __arm_cp.5_13                            0x00003ca0   Number         4  all.o(.text.xunxian_four)
    __arm_cp.5_14                            0x00003ca4   Number         4  all.o(.text.xunxian_four)
    __arm_cp.5_15                            0x00003ca8   Number         4  all.o(.text.xunxian_four)
    __arm_cp.5_16                            0x00003cac   Number         4  all.o(.text.xunxian_four)
    i.__0vsnprintf                           0x00003cbc   Section        0  printfa.o(i.__0vsnprintf)
    i.__ARM_clz                              0x00003cec   Section        0  depilogue.o(i.__ARM_clz)
    i.__aeabi_errno_addr                     0x00003d1c   Section        0  errno.o(i.__aeabi_errno_addr)
    i.__scatterload_copy                     0x00003d28   Section       14  handlers.o(i.__scatterload_copy)
    i.__scatterload_null                     0x00003d38   Section        2  handlers.o(i.__scatterload_null)
    i.__scatterload_zeroinit                 0x00003d40   Section       14  handlers.o(i.__scatterload_zeroinit)
    _fp_digits                               0x00003d51   Thumb Code   344  printfa.o(i._fp_digits)
    i._fp_digits                             0x00003d50   Section        0  printfa.o(i._fp_digits)
    _printf_core                             0x00003ec5   Thumb Code  1754  printfa.o(i._printf_core)
    i._printf_core                           0x00003ec4   Section        0  printfa.o(i._printf_core)
    _printf_post_padding                     0x000045b1   Thumb Code    32  printfa.o(i._printf_post_padding)
    i._printf_post_padding                   0x000045b0   Section        0  printfa.o(i._printf_post_padding)
    _printf_pre_padding                      0x000045d1   Thumb Code    44  printfa.o(i._printf_pre_padding)
    i._printf_pre_padding                    0x000045d0   Section        0  printfa.o(i._printf_pre_padding)
    _snputc                                  0x000045fd   Thumb Code    22  printfa.o(i._snputc)
    i._snputc                                0x000045fc   Section        0  printfa.o(i._snputc)
    .constdata                               0x00004612   Section      129  ctype_o.o(.constdata)
    table                                    0x00004694   Data           4  ctype_o.o(.constdata)
    .constdata                               0x00004694   Section        4  ctype_o.o(.constdata)
    gDMA_CH2Config                           0x00006080   Data          24  ti_msp_dl_config.o(.rodata.gDMA_CH2Config)
    [Anonymous Symbol]                       0x00006080   Section        0  ti_msp_dl_config.o(.rodata.gDMA_CH2Config)
    gI2C_OLEDClockConfig                     0x00006098   Data           2  ti_msp_dl_config.o(.rodata.gI2C_OLEDClockConfig)
    [Anonymous Symbol]                       0x00006098   Section        0  ti_msp_dl_config.o(.rodata.gI2C_OLEDClockConfig)
    gPWM_MOTORClockConfig                    0x0000609a   Data           3  ti_msp_dl_config.o(.rodata.gPWM_MOTORClockConfig)
    [Anonymous Symbol]                       0x0000609a   Section        0  ti_msp_dl_config.o(.rodata.gPWM_MOTORClockConfig)
    gPWM_MOTORConfig                         0x000060a0   Data           8  ti_msp_dl_config.o(.rodata.gPWM_MOTORConfig)
    [Anonymous Symbol]                       0x000060a0   Section        0  ti_msp_dl_config.o(.rodata.gPWM_MOTORConfig)
    gPWM_MOTOR_COPYClockConfig               0x000060a8   Data           3  ti_msp_dl_config.o(.rodata.gPWM_MOTOR_COPYClockConfig)
    [Anonymous Symbol]                       0x000060a8   Section        0  ti_msp_dl_config.o(.rodata.gPWM_MOTOR_COPYClockConfig)
    gPWM_MOTOR_COPYConfig                    0x000060ac   Data           8  ti_msp_dl_config.o(.rodata.gPWM_MOTOR_COPYConfig)
    [Anonymous Symbol]                       0x000060ac   Section        0  ti_msp_dl_config.o(.rodata.gPWM_MOTOR_COPYConfig)
    gPWM_MOTOR_COPY_COPYClockConfig          0x000060b4   Data           3  ti_msp_dl_config.o(.rodata.gPWM_MOTOR_COPY_COPYClockConfig)
    [Anonymous Symbol]                       0x000060b4   Section        0  ti_msp_dl_config.o(.rodata.gPWM_MOTOR_COPY_COPYClockConfig)
    gPWM_MOTOR_COPY_COPYConfig               0x000060b8   Data           8  ti_msp_dl_config.o(.rodata.gPWM_MOTOR_COPY_COPYConfig)
    [Anonymous Symbol]                       0x000060b8   Section        0  ti_msp_dl_config.o(.rodata.gPWM_MOTOR_COPY_COPYConfig)
    gSYSPLLConfig                            0x000060c0   Data          40  ti_msp_dl_config.o(.rodata.gSYSPLLConfig)
    [Anonymous Symbol]                       0x000060c0   Section        0  ti_msp_dl_config.o(.rodata.gSYSPLLConfig)
    gTIMER_0ClockConfig                      0x000060e8   Data           3  ti_msp_dl_config.o(.rodata.gTIMER_0ClockConfig)
    [Anonymous Symbol]                       0x000060e8   Section        0  ti_msp_dl_config.o(.rodata.gTIMER_0ClockConfig)
    gTIMER_0TimerConfig                      0x000060ec   Data          20  ti_msp_dl_config.o(.rodata.gTIMER_0TimerConfig)
    [Anonymous Symbol]                       0x000060ec   Section        0  ti_msp_dl_config.o(.rodata.gTIMER_0TimerConfig)
    gTIMER_1ClockConfig                      0x00006100   Data           3  ti_msp_dl_config.o(.rodata.gTIMER_1ClockConfig)
    [Anonymous Symbol]                       0x00006100   Section        0  ti_msp_dl_config.o(.rodata.gTIMER_1ClockConfig)
    gTIMER_1TimerConfig                      0x00006104   Data          20  ti_msp_dl_config.o(.rodata.gTIMER_1TimerConfig)
    [Anonymous Symbol]                       0x00006104   Section        0  ti_msp_dl_config.o(.rodata.gTIMER_1TimerConfig)
    gUART_0_DEBUGClockConfig                 0x00006118   Data           2  ti_msp_dl_config.o(.rodata.gUART_0_DEBUGClockConfig)
    [Anonymous Symbol]                       0x00006118   Section        0  ti_msp_dl_config.o(.rodata.gUART_0_DEBUGClockConfig)
    gUART_0_DEBUGConfig                      0x0000611a   Data          10  ti_msp_dl_config.o(.rodata.gUART_0_DEBUGConfig)
    [Anonymous Symbol]                       0x0000611a   Section        0  ti_msp_dl_config.o(.rodata.gUART_0_DEBUGConfig)
    gUART_1ClockConfig                       0x00006124   Data           2  ti_msp_dl_config.o(.rodata.gUART_1ClockConfig)
    [Anonymous Symbol]                       0x00006124   Section        0  ti_msp_dl_config.o(.rodata.gUART_1ClockConfig)
    gUART_1Config                            0x00006126   Data          10  ti_msp_dl_config.o(.rodata.gUART_1Config)
    [Anonymous Symbol]                       0x00006126   Section        0  ti_msp_dl_config.o(.rodata.gUART_1Config)
    gUART_3ClockConfig                       0x00006130   Data           2  ti_msp_dl_config.o(.rodata.gUART_3ClockConfig)
    [Anonymous Symbol]                       0x00006130   Section        0  ti_msp_dl_config.o(.rodata.gUART_3ClockConfig)
    gUART_3Config                            0x00006132   Data          10  ti_msp_dl_config.o(.rodata.gUART_3Config)
    [Anonymous Symbol]                       0x00006132   Section        0  ti_msp_dl_config.o(.rodata.gUART_3Config)
    [Anonymous Symbol]                       0x0000613c   Section        0  test.o(.rodata.str1.1)
    [Anonymous Symbol]                       0x00006147   Section        0  k230.o(.rodata.str1.1)
    _errno                                   0x20200000   Data           4  errno.o(.data)
    .data                                    0x20200000   Section        4  errno.o(.data)
    Inrared_Get.Infr_data                    0x2020009c   Data           8  bsp_track.o(.bss.Inrared_Get.Infr_data)
    [Anonymous Symbol]                       0x2020009c   Section        0  bsp_track.o(.bss.Inrared_Get.Infr_data)
    STACK                                    0x20200d70   Section     4096  startup_mspm0g350x_uvision.o(STACK)

    Global Symbols

    Symbol Name                              Value     Ov Type        Size  Object(Section)

    BuildAttributes$$THM_ISAv3M$S$PE$A:L22$X:L11$S22$IEEE1$IW$~IW$USESV6$~STKCKD$USESV7$~SHL$OTIME$ROPI$IEEEX$EBA8$MICROLIB$REQ8$PRES8$EABIv2 0x00000000   Number         0  anon$$obj.o ABSOLUTE
    __Vectors                                0x00000000   Data           4  startup_mspm0g350x_uvision.o(RESET)
    _printf_a                                0x00000000   Number         0  printfstubs.o ABSOLUTE
    _printf_c                                0x00000000   Number         0  printfstubs.o ABSOLUTE
    _printf_charcount                        0x00000000   Number         0  printfstubs.o ABSOLUTE
    _printf_d                                0x00000000   Number         0  printfstubs.o ABSOLUTE
    _printf_e                                0x00000000   Number         0  printfstubs.o ABSOLUTE
    _printf_f                                0x00000000   Number         0  printfstubs.o ABSOLUTE
    _printf_flags                            0x00000000   Number         0  printfstubs.o ABSOLUTE
    _printf_fp_dec                           0x00000000   Number         0  printfstubs.o ABSOLUTE
    _printf_fp_hex                           0x00000000   Number         0  printfstubs.o ABSOLUTE
    _printf_g                                0x00000000   Number         0  printfstubs.o ABSOLUTE
    _printf_i                                0x00000000   Number         0  printfstubs.o ABSOLUTE
    _printf_int_dec                          0x00000000   Number         0  printfstubs.o ABSOLUTE
    _printf_l                                0x00000000   Number         0  printfstubs.o ABSOLUTE
    _printf_lc                               0x00000000   Number         0  printfstubs.o ABSOLUTE
    _printf_ll                               0x00000000   Number         0  printfstubs.o ABSOLUTE
    _printf_lld                              0x00000000   Number         0  printfstubs.o ABSOLUTE
    _printf_lli                              0x00000000   Number         0  printfstubs.o ABSOLUTE
    _printf_llo                              0x00000000   Number         0  printfstubs.o ABSOLUTE
    _printf_llu                              0x00000000   Number         0  printfstubs.o ABSOLUTE
    _printf_llx                              0x00000000   Number         0  printfstubs.o ABSOLUTE
    _printf_longlong_dec                     0x00000000   Number         0  printfstubs.o ABSOLUTE
    _printf_longlong_hex                     0x00000000   Number         0  printfstubs.o ABSOLUTE
    _printf_longlong_oct                     0x00000000   Number         0  printfstubs.o ABSOLUTE
    _printf_ls                               0x00000000   Number         0  printfstubs.o ABSOLUTE
    _printf_mbtowc                           0x00000000   Number         0  printfstubs.o ABSOLUTE
    _printf_n                                0x00000000   Number         0  printfstubs.o ABSOLUTE
    _printf_o                                0x00000000   Number         0  printfstubs.o ABSOLUTE
    _printf_p                                0x00000000   Number         0  printfstubs.o ABSOLUTE
    _printf_percent                          0x00000000   Number         0  printfstubs.o ABSOLUTE
    _printf_pre_padding                      0x00000000   Number         0  printfstubs.o ABSOLUTE
    _printf_return_value                     0x00000000   Number         0  printfstubs.o ABSOLUTE
    _printf_s                                0x00000000   Number         0  printfstubs.o ABSOLUTE
    _printf_sizespec                         0x00000000   Number         0  printfstubs.o ABSOLUTE
    _printf_str                              0x00000000   Number         0  printfstubs.o ABSOLUTE
    _printf_truncate_signed                  0x00000000   Number         0  printfstubs.o ABSOLUTE
    _printf_truncate_unsigned                0x00000000   Number         0  printfstubs.o ABSOLUTE
    _printf_u                                0x00000000   Number         0  printfstubs.o ABSOLUTE
    _printf_wc                               0x00000000   Number         0  printfstubs.o ABSOLUTE
    _printf_wctomb                           0x00000000   Number         0  printfstubs.o ABSOLUTE
    _printf_widthprec                        0x00000000   Number         0  printfstubs.o ABSOLUTE
    _printf_x                                0x00000000   Number         0  printfstubs.o ABSOLUTE
    __cpp_initialize__aeabi_                  - Undefined Weak Reference
    __cxa_finalize                            - Undefined Weak Reference
    __decompress                              - Undefined Weak Reference
    _clock_init                               - Undefined Weak Reference
    _microlib_exit                            - Undefined Weak Reference
    __Vectors_End                            0x000000c0   Data           0  startup_mspm0g350x_uvision.o(RESET)
    __Vectors_Size                           0x000000c0   Number         0  startup_mspm0g350x_uvision.o ABSOLUTE
    __main                                   0x000000c1   Thumb Code     0  entry.o(.ARM.Collect$$$$00000000)
    _main_stk                                0x000000c1   Thumb Code     0  entry2.o(.ARM.Collect$$$$00000001)
    _main_scatterload                        0x000000c5   Thumb Code     0  entry5.o(.ARM.Collect$$$$00000004)
    __main_after_scatterload                 0x000000c9   Thumb Code     0  entry5.o(.ARM.Collect$$$$00000004)
    _main_clock                              0x000000c9   Thumb Code     0  entry7b.o(.ARM.Collect$$$$00000008)
    _main_cpp_init                           0x000000c9   Thumb Code     0  entry8b.o(.ARM.Collect$$$$0000000A)
    _main_init                               0x000000c9   Thumb Code     0  entry9a.o(.ARM.Collect$$$$0000000B)
    __rt_final_cpp                           0x000000d1   Thumb Code     0  entry10a.o(.ARM.Collect$$$$0000000D)
    __rt_final_exit                          0x000000d1   Thumb Code     0  entry11a.o(.ARM.Collect$$$$0000000F)
    Reset_Handler                            0x000000d5   Thumb Code     4  startup_mspm0g350x_uvision.o(.text)
    NMI_Handler                              0x000000d9   Thumb Code     2  startup_mspm0g350x_uvision.o(.text)
    HardFault_Handler                        0x000000db   Thumb Code     2  startup_mspm0g350x_uvision.o(.text)
    SVC_Handler                              0x000000dd   Thumb Code     2  startup_mspm0g350x_uvision.o(.text)
    PendSV_Handler                           0x000000df   Thumb Code     2  startup_mspm0g350x_uvision.o(.text)
    SysTick_Handler                          0x000000e1   Thumb Code     2  startup_mspm0g350x_uvision.o(.text)
    ADC0_IRQHandler                          0x000000e3   Thumb Code     0  startup_mspm0g350x_uvision.o(.text)
    ADC1_IRQHandler                          0x000000e3   Thumb Code     0  startup_mspm0g350x_uvision.o(.text)
    AES_IRQHandler                           0x000000e3   Thumb Code     0  startup_mspm0g350x_uvision.o(.text)
    CANFD0_IRQHandler                        0x000000e3   Thumb Code     0  startup_mspm0g350x_uvision.o(.text)
    DAC0_IRQHandler                          0x000000e3   Thumb Code     0  startup_mspm0g350x_uvision.o(.text)
    DMA_IRQHandler                           0x000000e3   Thumb Code     0  startup_mspm0g350x_uvision.o(.text)
    Default_Handler                          0x000000e3   Thumb Code     2  startup_mspm0g350x_uvision.o(.text)
    GROUP0_IRQHandler                        0x000000e3   Thumb Code     0  startup_mspm0g350x_uvision.o(.text)
    I2C0_IRQHandler                          0x000000e3   Thumb Code     0  startup_mspm0g350x_uvision.o(.text)
    I2C1_IRQHandler                          0x000000e3   Thumb Code     0  startup_mspm0g350x_uvision.o(.text)
    RTC_IRQHandler                           0x000000e3   Thumb Code     0  startup_mspm0g350x_uvision.o(.text)
    SPI0_IRQHandler                          0x000000e3   Thumb Code     0  startup_mspm0g350x_uvision.o(.text)
    SPI1_IRQHandler                          0x000000e3   Thumb Code     0  startup_mspm0g350x_uvision.o(.text)
    TIMA1_IRQHandler                         0x000000e3   Thumb Code     0  startup_mspm0g350x_uvision.o(.text)
    TIMG0_IRQHandler                         0x000000e3   Thumb Code     0  startup_mspm0g350x_uvision.o(.text)
    TIMG12_IRQHandler                        0x000000e3   Thumb Code     0  startup_mspm0g350x_uvision.o(.text)
    TIMG7_IRQHandler                         0x000000e3   Thumb Code     0  startup_mspm0g350x_uvision.o(.text)
    TIMG8_IRQHandler                         0x000000e3   Thumb Code     0  startup_mspm0g350x_uvision.o(.text)
    UART0_IRQHandler                         0x000000e3   Thumb Code     0  startup_mspm0g350x_uvision.o(.text)
    __aeabi_memset                           0x000000e9   Thumb Code    14  memseta.o(.text)
    __aeabi_memset4                          0x000000e9   Thumb Code     0  memseta.o(.text)
    __aeabi_memset8                          0x000000e9   Thumb Code     0  memseta.o(.text)
    __aeabi_memclr                           0x000000f7   Thumb Code     4  memseta.o(.text)
    __aeabi_memclr4                          0x000000f7   Thumb Code     0  memseta.o(.text)
    __aeabi_memclr8                          0x000000f7   Thumb Code     0  memseta.o(.text)
    _memset$wrapper                          0x000000fb   Thumb Code    18  memseta.o(.text)
    atoi                                     0x0000010d   Thumb Code    26  atoi.o(.text)
    __aeabi_fadd                             0x00000127   Thumb Code   162  fadd.o(.text)
    __aeabi_fsub                             0x000001c9   Thumb Code     8  fadd.o(.text)
    __aeabi_frsub                            0x000001d1   Thumb Code     8  fadd.o(.text)
    __aeabi_fmul                             0x000001d9   Thumb Code   122  fmul.o(.text)
    __aeabi_dadd                             0x00000255   Thumb Code   328  dadd.o(.text)
    __aeabi_dsub                             0x0000039d   Thumb Code    12  dadd.o(.text)
    __aeabi_drsub                            0x000003a9   Thumb Code    12  dadd.o(.text)
    __aeabi_dmul                             0x000003b9   Thumb Code   202  dmul.o(.text)
    __aeabi_ddiv                             0x00000489   Thumb Code   234  ddiv.o(.text)
    __aeabi_fcmplt                           0x00000579   Thumb Code    28  fcmplt.o(.text)
    __aeabi_fcmpge                           0x00000595   Thumb Code    28  fcmpge.o(.text)
    __aeabi_fcmpgt                           0x000005b1   Thumb Code    28  fcmpgt.o(.text)
    __aeabi_i2f                              0x000005cd   Thumb Code    22  fflti.o(.text)
    __aeabi_f2iz                             0x000005e3   Thumb Code    50  ffixi.o(.text)
    __aeabi_uidiv                            0x00000615   Thumb Code     0  uidiv_div0.o(.text)
    __aeabi_uidivmod                         0x00000615   Thumb Code    62  uidiv_div0.o(.text)
    __aeabi_uldivmod                         0x00000653   Thumb Code    96  uldiv.o(.text)
    __aeabi_llsl                             0x000006b3   Thumb Code    32  llshl.o(.text)
    _ll_shift_l                              0x000006b3   Thumb Code     0  llshl.o(.text)
    __aeabi_llsr                             0x000006d3   Thumb Code    34  llushr.o(.text)
    _ll_ushift_r                             0x000006d3   Thumb Code     0  llushr.o(.text)
    __aeabi_lasr                             0x000006f5   Thumb Code    38  llsshr.o(.text)
    _ll_sshift_r                             0x000006f5   Thumb Code     0  llsshr.o(.text)
    strtol                                   0x0000071d   Thumb Code   108  strtol.o(.text)
    __I$use$fp                               0x0000078d   Thumb Code     0  iusefp.o(.text)
    _float_round                             0x0000078d   Thumb Code    16  fepilogue.o(.text)
    _float_epilogue                          0x0000079d   Thumb Code   114  fepilogue.o(.text)
    _double_round                            0x0000080f   Thumb Code    26  depilogue.o(.text)
    _double_epilogue                         0x00000829   Thumb Code   164  depilogue.o(.text)
    __aeabi_d2ulz                            0x000008cd   Thumb Code    54  dfixul.o(.text)
    __aeabi_cdrcmple                         0x0000090d   Thumb Code    38  cdrcmple.o(.text)
    __scatterload                            0x00000939   Thumb Code    38  init.o(.text)
    __scatterload_rt2                        0x00000939   Thumb Code     0  init.o(.text)
    __rt_ctype_table                         0x00000969   Thumb Code     4  ctype_o.o(.text)
    _strtoul                                 0x00000971   Thumb Code   166  _strtoul.o(.text)
    _chval                                   0x00000a17   Thumb Code    30  _chval.o(.text)
    BUJIN_COUNTER                            0x00000a35   Thumb Code   108  bujin.o(.text.BUJIN_COUNTER)
    BUJIN_COUNTER_FOUR                       0x00000aa1   Thumb Code   108  bujin.o(.text.BUJIN_COUNTER_FOUR)
    BUJIN_INIT                               0x00000b11   Thumb Code    92  bujin.o(.text.BUJIN_INIT)
    DL_Common_delayCycles                    0x00000b81   Thumb Code    10  dl_common.o(.text.DL_Common_delayCycles)
    DL_DMA_initChannel                       0x00000b8d   Thumb Code    64  dl_dma.o(.text.DL_DMA_initChannel)
    DL_I2C_fillControllerTXFIFO              0x00000bd1   Thumb Code    44  dl_i2c.o(.text.DL_I2C_fillControllerTXFIFO)
    DL_I2C_setClockConfig                    0x00000bfd   Thumb Code    38  dl_i2c.o(.text.DL_I2C_setClockConfig)
    DL_SYSCTL_configSYSPLL                   0x00000c25   Thumb Code   180  dl_sysctl_mspm0g1x0x_g3x0x.o(.text.DL_SYSCTL_configSYSPLL)
    DL_SYSCTL_setHFCLKSourceHFXTParams       0x00000ce9   Thumb Code    76  dl_sysctl_mspm0g1x0x_g3x0x.o(.text.DL_SYSCTL_setHFCLKSourceHFXTParams)
    DL_SYSCTL_switchMCLKfromSYSOSCtoHSCLK    0x00000d39   Thumb Code    32  dl_sysctl_mspm0g1x0x_g3x0x.o(.text.DL_SYSCTL_switchMCLKfromSYSOSCtoHSCLK)
    DL_TimerA_initPWMMode                    0x00000d61   Thumb Code   112  dl_timer.o(.text.DL_TimerA_initPWMMode)
    DL_Timer_initPWMMode                     0x00000dd5   Thumb Code   172  dl_timer.o(.text.DL_Timer_initPWMMode)
    DL_Timer_initTimerMode                   0x00000e95   Thumb Code   220  dl_timer.o(.text.DL_Timer_initTimerMode)
    DL_Timer_setCaptCompUpdateMethod         0x00000f7d   Thumb Code    24  dl_timer.o(.text.DL_Timer_setCaptCompUpdateMethod)
    DL_Timer_setCaptureCompareOutCtl         0x00000f99   Thumb Code    20  dl_timer.o(.text.DL_Timer_setCaptureCompareOutCtl)
    DL_Timer_setCaptureCompareValue          0x00000fb1   Thumb Code    12  dl_timer.o(.text.DL_Timer_setCaptureCompareValue)
    DL_Timer_setClockConfig                  0x00000fc1   Thumb Code    24  dl_timer.o(.text.DL_Timer_setClockConfig)
    DL_UART_init                             0x00000fdd   Thumb Code    64  dl_uart.o(.text.DL_UART_init)
    DL_UART_setClockConfig                   0x00001025   Thumb Code    18  dl_uart.o(.text.DL_UART_setClockConfig)
    DL_UART_transmitDataBlocking             0x00001039   Thumb Code    16  dl_uart.o(.text.DL_UART_transmitDataBlocking)
    GROUP1_IRQHandler                        0x0000104d   Thumb Code   112  bsp_motor.o(.text.GROUP1_IRQHandler)
    HUIDU_SHIBIE                             0x000010d5   Thumb Code  1264  bsp_track.o(.text.HUIDU_SHIBIE)
    Inrared_Get                              0x00001601   Thumb Code    76  bsp_track.o(.text.Inrared_Get)
    K230_COUNTER                             0x00001659   Thumb Code    20  k230.o(.text.K230_COUNTER)
    K230_DISPOSE                             0x00001679   Thumb Code   588  k230.o(.text.K230_DISPOSE)
    KEY_choose_mode                          0x000018dd   Thumb Code    84  test.o(.text.KEY_choose_mode)
    LASER_ON                                 0x0000193d   Thumb Code     8  laser.o(.text.LASER_ON)
    LOCATION_X_FOUR_NEW                      0x00001949   Thumb Code    32  yuntai_counter.o(.text.LOCATION_X_FOUR_NEW)
    Location_DATA_init                       0x0000196d   Thumb Code    20  yuntai_counter.o(.text.Location_DATA_init)
    Location_PID_X_NEW                       0x00001981   Thumb Code   164  yuntai_counter.o(.text.Location_PID_X_NEW)
    Location_PID_Y_FOUR                      0x00001a39   Thumb Code   212  yuntai_counter.o(.text.Location_PID_Y_FOUR)
    Location_PID_Y_NEW                       0x00001b15   Thumb Code   212  yuntai_counter.o(.text.Location_PID_Y_NEW)
    OLED_ColorTurn                           0x00001c01   Thumb Code    96  oled.o(.text.OLED_ColorTurn)
    OLED_DisplayTurn                         0x00001c61   Thumb Code   188  oled.o(.text.OLED_DisplayTurn)
    OLED_Init                                0x00001d2d   Thumb Code  1524  oled.o(.text.OLED_Init)
    OLED_Refresh                             0x00002331   Thumb Code   284  oled.o(.text.OLED_Refresh)
    OLED_ShowChar                            0x00002465   Thumb Code   260  oled.o(.text.OLED_ShowChar)
    OLED_ShowNum                             0x0000257d   Thumb Code   126  oled.o(.text.OLED_ShowNum)
    SYSCFG_DL_DMA_CH2_init                   0x000025fd   Thumb Code    16  ti_msp_dl_config.o(.text.SYSCFG_DL_DMA_CH2_init)
    SYSCFG_DL_DMA_init                       0x00002615   Thumb Code     8  ti_msp_dl_config.o(.text.SYSCFG_DL_DMA_init)
    SYSCFG_DL_GPIO_init                      0x0000261d   Thumb Code   304  ti_msp_dl_config.o(.text.SYSCFG_DL_GPIO_init)
    SYSCFG_DL_I2C_OLED_init                  0x00002791   Thumb Code    72  ti_msp_dl_config.o(.text.SYSCFG_DL_I2C_OLED_init)
    SYSCFG_DL_PWM_MOTOR_COPY_COPY_init       0x000027e5   Thumb Code   108  ti_msp_dl_config.o(.text.SYSCFG_DL_PWM_MOTOR_COPY_COPY_init)
    SYSCFG_DL_PWM_MOTOR_COPY_init            0x00002861   Thumb Code   108  ti_msp_dl_config.o(.text.SYSCFG_DL_PWM_MOTOR_COPY_init)
    SYSCFG_DL_PWM_MOTOR_init                 0x000028dd   Thumb Code   108  ti_msp_dl_config.o(.text.SYSCFG_DL_PWM_MOTOR_init)
    SYSCFG_DL_SYSCTL_init                    0x00002961   Thumb Code   108  ti_msp_dl_config.o(.text.SYSCFG_DL_SYSCTL_init)
    SYSCFG_DL_SYSTICK_init                   0x000029d9   Thumb Code    24  ti_msp_dl_config.o(.text.SYSCFG_DL_SYSTICK_init)
    SYSCFG_DL_TIMER_0_init                   0x000029f5   Thumb Code    48  ti_msp_dl_config.o(.text.SYSCFG_DL_TIMER_0_init)
    SYSCFG_DL_TIMER_1_init                   0x00002a39   Thumb Code    48  ti_msp_dl_config.o(.text.SYSCFG_DL_TIMER_1_init)
    SYSCFG_DL_UART_0_DEBUG_init              0x00002a81   Thumb Code   136  ti_msp_dl_config.o(.text.SYSCFG_DL_UART_0_DEBUG_init)
    SYSCFG_DL_UART_1_init                    0x00002b1d   Thumb Code   128  ti_msp_dl_config.o(.text.SYSCFG_DL_UART_1_init)
    SYSCFG_DL_UART_3_init                    0x00002bb5   Thumb Code   104  ti_msp_dl_config.o(.text.SYSCFG_DL_UART_3_init)
    SYSCFG_DL_init                           0x00002c39   Thumb Code    88  ti_msp_dl_config.o(.text.SYSCFG_DL_init)
    SYSCFG_DL_initPower                      0x00002ca5   Thumb Code    96  ti_msp_dl_config.o(.text.SYSCFG_DL_initPower)
    Set_PWM                                  0x00002d39   Thumb Code   112  bsp_motor.o(.text.Set_PWM)
    TEST_FIVE                                0x00002dbd   Thumb Code    84  test.o(.text.TEST_FIVE)
    TEST_FOUR                                0x00002e11   Thumb Code    84  test.o(.text.TEST_FOUR)
    TEST_THREE                               0x00002e6d   Thumb Code    76  test.o(.text.TEST_THREE)
    TEST_TWO                                 0x00002eb9   Thumb Code    80  test.o(.text.TEST_TWO)
    TIMA0_IRQHandler                         0x00002f15   Thumb Code     8  empty.o(.text.TIMA0_IRQHandler)
    TIMG6_IRQHandler                         0x00002f21   Thumb Code    64  empty.o(.text.TIMG6_IRQHandler)
    TWO_BUJIN_START_Init                     0x00002f75   Thumb Code    48  bujin.o(.text.TWO_BUJIN_START_Init)
    UART1_Console_write                      0x00002fad   Thumb Code     2  my_usart_dma.o(.text.UART1_Console_write)
    UART1_IRQHandler                         0x00002fb1   Thumb Code    36  my_usart_dma.o(.text.UART1_IRQHandler)
    UART2_IRQHandler                         0x00002fe5   Thumb Code   348  jy61p.o(.text.UART2_IRQHandler)
    UART3_IRQHandler                         0x00003189   Thumb Code   132  my_usart_dma.o(.text.UART3_IRQHandler)
    UART_printf                              0x00003219   Thumb Code    72  board.o(.text.UART_printf)
    all_init                                 0x00003265   Thumb Code    12  all.o(.text.all_init)
    board_init                               0x00003279   Thumb Code     8  board.o(.text.board_init)
    click                                    0x00003281   Thumb Code   164  key.o(.text.click)
    code_carry                               0x00003331   Thumb Code   128  all.o(.text.code_carry)
    delay_1ms                                0x000033bd   Thumb Code    44  board.o(.text.delay_1ms)
    delay_ms                                 0x000033e9   Thumb Code    44  board.o(.text.delay_ms)
    delay_us                                 0x00003419   Thumb Code    44  board.o(.text.delay_us)
    k230_DATA_GET                            0x00003449   Thumb Code   336  k230.o(.text.k230_DATA_GET)
    main                                     0x000035d9   Thumb Code   100  empty.o(.text.main)
    question_click                           0x0000364d   Thumb Code    96  key.o(.text.question_click)
    uart3_send_string                        0x000036ad   Thumb Code    28  board.o(.text.uart3_send_string)
    xunxian                                  0x000036cd   Thumb Code   432  all.o(.text.xunxian)
    xunxian_five                             0x00003885   Thumb Code   460  all.o(.text.xunxian_five)
    xunxian_four                             0x00003aa1   Thumb Code   460  all.o(.text.xunxian_four)
    __0vsnprintf                             0x00003cbd   Thumb Code    44  printfa.o(i.__0vsnprintf)
    __1vsnprintf                             0x00003cbd   Thumb Code     0  printfa.o(i.__0vsnprintf)
    __2vsnprintf                             0x00003cbd   Thumb Code     0  printfa.o(i.__0vsnprintf)
    __c89vsnprintf                           0x00003cbd   Thumb Code     0  printfa.o(i.__0vsnprintf)
    vsnprintf                                0x00003cbd   Thumb Code     0  printfa.o(i.__0vsnprintf)
    __ARM_clz                                0x00003ced   Thumb Code    46  depilogue.o(i.__ARM_clz)
    __aeabi_errno_addr                       0x00003d1d   Thumb Code     4  errno.o(i.__aeabi_errno_addr)
    __rt_errno_addr                          0x00003d1d   Thumb Code     0  errno.o(i.__aeabi_errno_addr)
    __scatterload_copy                       0x00003d29   Thumb Code    14  handlers.o(i.__scatterload_copy)
    __scatterload_null                       0x00003d39   Thumb Code     2  handlers.o(i.__scatterload_null)
    __scatterload_zeroinit                   0x00003d41   Thumb Code    14  handlers.o(i.__scatterload_zeroinit)
    __ctype_table                            0x00004612   Data         129  ctype_o.o(.constdata)
    asc2_0806                                0x00004698   Data         552  oled.o(.rodata.asc2_0806)
    asc2_1206                                0x000048c0   Data        1140  oled.o(.rodata.asc2_1206)
    asc2_1608                                0x00004d34   Data        1520  oled.o(.rodata.asc2_1608)
    asc2_2412                                0x00005324   Data        3420  oled.o(.rodata.asc2_2412)
    Region$$Table$$Base                      0x00006154   Number         0  anon$$obj.o(Region$$Table)
    Region$$Table$$Limit                     0x00006174   Number         0  anon$$obj.o(Region$$Table)
    BUJIN_TREFER                             0x20200004   Data          13  bujin.o(.data.BUJIN_TREFER)
    BUJIN_init_down                          0x20200011   Data           5  bujin.o(.data.BUJIN_init_down)
    BUJIN_init_up                            0x20200016   Data           5  bujin.o(.data.BUJIN_init_up)
    BUJIN_start_down                         0x2020001b   Data           6  bujin.o(.data.BUJIN_start_down)
    BUJIN_start_up                           0x20200021   Data           6  bujin.o(.data.BUJIN_start_up)
    U1gConsoleTxTransmitted                  0x20200027   Data           1  my_usart_dma.o(.data.U1gConsoleTxTransmitted)
    X_LOCATION_PID_NEW                       0x20200028   Data          40  yuntai_counter.o(.data.X_LOCATION_PID_NEW)
    Y_LOCATION_PID_NEW                       0x20200050   Data          40  yuntai_counter.o(.data.Y_LOCATION_PID_NEW)
    basic_speed                              0x20200078   Data           4  all.o(.data.basic_speed)
    enter_state                              0x2020007c   Data           4  all.o(.data.enter_state)
    exit_turn_state                          0x20200080   Data           2  all.o(.data.exit_turn_state)
    quanshu_five                             0x20200084   Data           4  all.o(.data.quanshu_five)
    quanshu_four                             0x20200088   Data           4  all.o(.data.quanshu_four)
    Data                                     0x20200090   Data           4  bsp_track.o(.bss.Data)
    Get_Encoder_countA                       0x20200094   Data           4  bsp_motor.o(.bss.Get_Encoder_countA)
    Get_Encoder_countB                       0x20200098   Data           4  bsp_motor.o(.bss.Get_Encoder_countB)
    KEY                                      0x202000a4   Data           4  all.o(.bss.KEY)
    Left_basic_speed                         0x202000a8   Data           4  all.o(.bss.Left_basic_speed)
    OLED_GRAM                                0x202000ac   Data        1152  oled.o(.bss.OLED_GRAM)
    Pitch                                    0x2020052c   Data           4  jy61p.o(.bss.Pitch)
    PitchH                                   0x20200530   Data           1  jy61p.o(.bss.PitchH)
    PitchL                                   0x20200531   Data           1  jy61p.o(.bss.PitchL)
    Right_basic_speed                        0x20200534   Data           4  all.o(.bss.Right_basic_speed)
    Roll                                     0x20200538   Data           4  jy61p.o(.bss.Roll)
    RollH                                    0x2020053c   Data           1  jy61p.o(.bss.RollH)
    RollL                                    0x2020053d   Data           1  jy61p.o(.bss.RollL)
    RxState                                  0x2020053e   Data           1  jy61p.o(.bss.RxState)
    SUM                                      0x2020053f   Data           1  jy61p.o(.bss.SUM)
    U1gConsoleTxDMATransmitted               0x20200540   Data           1  my_usart_dma.o(.bss.U1gConsoleTxDMATransmitted)
    VH                                       0x20200541   Data           1  jy61p.o(.bss.VH)
    VL                                       0x20200542   Data           1  jy61p.o(.bss.VL)
    Yaw                                      0x20200544   Data           4  jy61p.o(.bss.Yaw)
    YawH                                     0x20200548   Data           1  jy61p.o(.bss.YawH)
    YawL                                     0x20200549   Data           1  jy61p.o(.bss.YawL)
    dataIndex                                0x2020054a   Data           1  jy61p.o(.bss.dataIndex)
    gPWM_MOTORBackup                         0x2020054c   Data         188  ti_msp_dl_config.o(.bss.gPWM_MOTORBackup)
    gPWM_MOTOR_COPY_COPYBackup               0x20200608   Data         120  ti_msp_dl_config.o(.bss.gPWM_MOTOR_COPY_COPYBackup)
    gTIMER_0Backup                           0x20200680   Data         188  ti_msp_dl_config.o(.bss.gTIMER_0Backup)
    gTIMER_1Backup                           0x2020073c   Data         120  ti_msp_dl_config.o(.bss.gTIMER_1Backup)
    gUART_3Backup                            0x202007b4   Data          48  ti_msp_dl_config.o(.bss.gUART_3Backup)
    gpio_interrup                            0x202007e4   Data           4  bsp_motor.o(.bss.gpio_interrup)
    huidupid                                 0x202007e8   Data          44  bsp_track.o(.bss.huidupid)
    k230                                     0x20200814   Data        1028  k230.o(.bss.k230)
    key_num                                  0x20200c18   Data           1  key.o(.bss.key_num)
    location                                 0x20200c1c   Data         304  yuntai_counter.o(.bss.location)
    question_KEY                             0x20200d4c   Data           2  test.o(.bss.question_KEY)
    question_one_count                       0x20200d4e   Data           2  test.o(.bss.question_one_count)
    receivedData                             0x20200d50   Data           9  jy61p.o(.bss.receivedData)
    recongnize_state                         0x20200d5c   Data           4  all.o(.bss.recongnize_state)
    recongnize_time                          0x20200d60   Data           4  all.o(.bss.recongnize_time)
    track_feedback                           0x20200d64   Data           4  all.o(.bss.track_feedback)
    turn_count                               0x20200d68   Data           2  all.o(.bss.turn_count)
    turn_state                               0x20200d6a   Data           2  all.o(.bss.turn_state)
    turngogo_state                           0x20200d6c   Data           4  all.o(.bss.turngogo_state)
    __initial_sp                             0x20201d70   Data           0  startup_mspm0g350x_uvision.o(STACK)



==============================================================================

Memory Map of the image

  Image Entry point : 0x000000c1

  Load Region LR_IROM1 (Base: 0x00000000, Size: 0x00006208, Max: 0x00020000, ABSOLUTE)

    Execution Region ER_IROM1 (Exec base: 0x00000000, Load base: 0x00000000, Size: 0x00006174, Max: 0x00020000, ABSOLUTE)

    Exec Addr    Load Addr    Size         Type   Attr      Idx    E Section Name        Object

    0x00000000   0x00000000   0x000000c0   Data   RO           17    RESET               startup_mspm0g350x_uvision.o
    0x000000c0   0x000000c0   0x00000000   Code   RO         1396  * .ARM.Collect$$$$00000000  mc_p.l(entry.o)
    0x000000c0   0x000000c0   0x00000004   Code   RO         1728    .ARM.Collect$$$$00000001  mc_p.l(entry2.o)
    0x000000c4   0x000000c4   0x00000004   Code   RO         1731    .ARM.Collect$$$$00000004  mc_p.l(entry5.o)
    0x000000c8   0x000000c8   0x00000000   Code   RO         1733    .ARM.Collect$$$$00000008  mc_p.l(entry7b.o)
    0x000000c8   0x000000c8   0x00000000   Code   RO         1735    .ARM.Collect$$$$0000000A  mc_p.l(entry8b.o)
    0x000000c8   0x000000c8   0x00000008   Code   RO         1736    .ARM.Collect$$$$0000000B  mc_p.l(entry9a.o)
    0x000000d0   0x000000d0   0x00000000   Code   RO         1738    .ARM.Collect$$$$0000000D  mc_p.l(entry10a.o)
    0x000000d0   0x000000d0   0x00000000   Code   RO         1740    .ARM.Collect$$$$0000000F  mc_p.l(entry11a.o)
    0x000000d0   0x000000d0   0x00000004   Code   RO         1729    .ARM.Collect$$$$00002712  mc_p.l(entry2.o)
    0x000000d4   0x000000d4   0x00000014   Code   RO           18    .text               startup_mspm0g350x_uvision.o
    0x000000e8   0x000000e8   0x00000024   Code   RO         1405    .text               mc_p.l(memseta.o)
    0x0000010c   0x0000010c   0x0000001a   Code   RO         1670    .text               mc_p.l(atoi.o)
    0x00000126   0x00000126   0x000000b2   Code   RO         1672    .text               mf_p.l(fadd.o)
    0x000001d8   0x000001d8   0x0000007a   Code   RO         1674    .text               mf_p.l(fmul.o)
    0x00000252   0x00000252   0x00000002   PAD
    0x00000254   0x00000254   0x00000164   Code   RO         1678    .text               mf_p.l(dadd.o)
    0x000003b8   0x000003b8   0x000000d0   Code   RO         1680    .text               mf_p.l(dmul.o)
    0x00000488   0x00000488   0x000000f0   Code   RO         1682    .text               mf_p.l(ddiv.o)
    0x00000578   0x00000578   0x0000001c   Code   RO         1684    .text               mf_p.l(fcmplt.o)
    0x00000594   0x00000594   0x0000001c   Code   RO         1686    .text               mf_p.l(fcmpge.o)
    0x000005b0   0x000005b0   0x0000001c   Code   RO         1688    .text               mf_p.l(fcmpgt.o)
    0x000005cc   0x000005cc   0x00000016   Code   RO         1698    .text               mf_p.l(fflti.o)
    0x000005e2   0x000005e2   0x00000032   Code   RO         1702    .text               mf_p.l(ffixi.o)
    0x00000614   0x00000614   0x0000003e   Code   RO         1747    .text               mc_p.l(uidiv_div0.o)
    0x00000652   0x00000652   0x00000060   Code   RO         1753    .text               mc_p.l(uldiv.o)
    0x000006b2   0x000006b2   0x00000020   Code   RO         1755    .text               mc_p.l(llshl.o)
    0x000006d2   0x000006d2   0x00000022   Code   RO         1757    .text               mc_p.l(llushr.o)
    0x000006f4   0x000006f4   0x00000026   Code   RO         1759    .text               mc_p.l(llsshr.o)
    0x0000071a   0x0000071a   0x00000002   PAD
    0x0000071c   0x0000071c   0x00000070   Code   RO         1768    .text               mc_p.l(strtol.o)
    0x0000078c   0x0000078c   0x00000000   Code   RO         1770    .text               mc_p.l(iusefp.o)
    0x0000078c   0x0000078c   0x00000082   Code   RO         1771    .text               mf_p.l(fepilogue.o)
    0x0000080e   0x0000080e   0x000000be   Code   RO         1773    .text               mf_p.l(depilogue.o)
    0x000008cc   0x000008cc   0x00000040   Code   RO         1779    .text               mf_p.l(dfixul.o)
    0x0000090c   0x0000090c   0x00000028   Code   RO         1781    .text               mf_p.l(cdrcmple.o)
    0x00000934   0x00000934   0x00000004   PAD
    0x00000938   0x00000938   0x00000030   Code   RO         1783    .text               mc_p.l(init.o)
    0x00000968   0x00000968   0x00000008   Code   RO         1785    .text               mc_p.l(ctype_o.o)
    0x00000970   0x00000970   0x000000a6   Code   RO         1813    .text               mc_p.l(_strtoul.o)
    0x00000a16   0x00000a16   0x0000001e   Code   RO         1815    .text               mc_p.l(_chval.o)
    0x00000a34   0x00000a34   0x0000006c   Code   RO          556    .text.BUJIN_COUNTER  bujin.o
    0x00000aa0   0x00000aa0   0x00000070   Code   RO          558    .text.BUJIN_COUNTER_FOUR  bujin.o
    0x00000b10   0x00000b10   0x00000070   Code   RO          554    .text.BUJIN_INIT    bujin.o
    0x00000b80   0x00000b80   0x0000000a   Code   RO         1302    .text.DL_Common_delayCycles  dl_common.o
    0x00000b8a   0x00000b8a   0x00000002   PAD
    0x00000b8c   0x00000b8c   0x00000044   Code   RO         1255    .text.DL_DMA_initChannel  dl_dma.o
    0x00000bd0   0x00000bd0   0x0000002c   Code   RO         1067    .text.DL_I2C_fillControllerTXFIFO  dl_i2c.o
    0x00000bfc   0x00000bfc   0x00000026   Code   RO         1063    .text.DL_I2C_setClockConfig  dl_i2c.o
    0x00000c22   0x00000c22   0x00000002   PAD
    0x00000c24   0x00000c24   0x000000c4   Code   RO         1360    .text.DL_SYSCTL_configSYSPLL  dl_sysctl_mspm0g1x0x_g3x0x.o
    0x00000ce8   0x00000ce8   0x00000050   Code   RO         1374    .text.DL_SYSCTL_setHFCLKSourceHFXTParams  dl_sysctl_mspm0g1x0x_g3x0x.o
    0x00000d38   0x00000d38   0x00000028   Code   RO         1368    .text.DL_SYSCTL_switchMCLKfromSYSOSCtoHSCLK  dl_sysctl_mspm0g1x0x_g3x0x.o
    0x00000d60   0x00000d60   0x00000074   Code   RO          776    .text.DL_TimerA_initPWMMode  dl_timer.o
    0x00000dd4   0x00000dd4   0x000000c0   Code   RO          736    .text.DL_Timer_initPWMMode  dl_timer.o
    0x00000e94   0x00000e94   0x000000e8   Code   RO          718    .text.DL_Timer_initTimerMode  dl_timer.o
    0x00000f7c   0x00000f7c   0x0000001c   Code   RO          750    .text.DL_Timer_setCaptCompUpdateMethod  dl_timer.o
    0x00000f98   0x00000f98   0x00000018   Code   RO          740    .text.DL_Timer_setCaptureCompareOutCtl  dl_timer.o
    0x00000fb0   0x00000fb0   0x00000010   Code   RO          720    .text.DL_Timer_setCaptureCompareValue  dl_timer.o
    0x00000fc0   0x00000fc0   0x0000001c   Code   RO          714    .text.DL_Timer_setClockConfig  dl_timer.o
    0x00000fdc   0x00000fdc   0x00000048   Code   RO          662    .text.DL_UART_init  dl_uart.o
    0x00001024   0x00001024   0x00000012   Code   RO          664    .text.DL_UART_setClockConfig  dl_uart.o
    0x00001036   0x00001036   0x00000002   PAD
    0x00001038   0x00001038   0x00000014   Code   RO          676    .text.DL_UART_transmitDataBlocking  dl_uart.o
    0x0000104c   0x0000104c   0x00000088   Code   RO          189    .text.GROUP1_IRQHandler  bsp_motor.o
    0x000010d4   0x000010d4   0x0000052c   Code   RO          262    .text.HUIDU_SHIBIE  bsp_track.o
    0x00001600   0x00001600   0x00000058   Code   RO          260    .text.Inrared_Get   bsp_track.o
    0x00001658   0x00001658   0x00000020   Code   RO          634    .text.K230_COUNTER  k230.o
    0x00001678   0x00001678   0x00000264   Code   RO          636    .text.K230_DISPOSE  k230.o
    0x000018dc   0x000018dc   0x00000060   Code   RO          585    .text.KEY_choose_mode  test.o
    0x0000193c   0x0000193c   0x0000000c   Code   RO          394    .text.LASER_ON      laser.o
    0x00001948   0x00001948   0x00000024   Code   RO          137    .text.LOCATION_X_FOUR_NEW  yuntai_counter.o
    0x0000196c   0x0000196c   0x00000014   Code   RO          131    .text.Location_DATA_init  yuntai_counter.o
    0x00001980   0x00001980   0x000000b8   Code   RO          143    .text.Location_PID_X_NEW  yuntai_counter.o
    0x00001a38   0x00001a38   0x000000dc   Code   RO          151    .text.Location_PID_Y_FOUR  yuntai_counter.o
    0x00001b14   0x00001b14   0x000000ec   Code   RO          149    .text.Location_PID_Y_NEW  yuntai_counter.o
    0x00001c00   0x00001c00   0x00000060   Code   RO          290    .text.OLED_ColorTurn  oled.o
    0x00001c60   0x00001c60   0x000000cc   Code   RO          294    .text.OLED_DisplayTurn  oled.o
    0x00001d2c   0x00001d2c   0x00000604   Code   RO          326    .text.OLED_Init     oled.o
    0x00002330   0x00002330   0x00000134   Code   RO          302    .text.OLED_Refresh  oled.o
    0x00002464   0x00002464   0x00000118   Code   RO          312    .text.OLED_ShowChar  oled.o
    0x0000257c   0x0000257c   0x0000007e   Code   RO          318    .text.OLED_ShowNum  oled.o
    0x000025fa   0x000025fa   0x00000002   PAD
    0x000025fc   0x000025fc   0x00000018   Code   RO           59    .text.SYSCFG_DL_DMA_CH2_init  ti_msp_dl_config.o
    0x00002614   0x00002614   0x00000008   Code   RO           51    .text.SYSCFG_DL_DMA_init  ti_msp_dl_config.o
    0x0000261c   0x0000261c   0x00000174   Code   RO           29    .text.SYSCFG_DL_GPIO_init  ti_msp_dl_config.o
    0x00002790   0x00002790   0x00000054   Code   RO           43    .text.SYSCFG_DL_I2C_OLED_init  ti_msp_dl_config.o
    0x000027e4   0x000027e4   0x0000007c   Code   RO           37    .text.SYSCFG_DL_PWM_MOTOR_COPY_COPY_init  ti_msp_dl_config.o
    0x00002860   0x00002860   0x0000007c   Code   RO           35    .text.SYSCFG_DL_PWM_MOTOR_COPY_init  ti_msp_dl_config.o
    0x000028dc   0x000028dc   0x00000084   Code   RO           33    .text.SYSCFG_DL_PWM_MOTOR_init  ti_msp_dl_config.o
    0x00002960   0x00002960   0x00000078   Code   RO           31    .text.SYSCFG_DL_SYSCTL_init  ti_msp_dl_config.o
    0x000029d8   0x000029d8   0x0000001c   Code   RO           53    .text.SYSCFG_DL_SYSTICK_init  ti_msp_dl_config.o
    0x000029f4   0x000029f4   0x00000044   Code   RO           39    .text.SYSCFG_DL_TIMER_0_init  ti_msp_dl_config.o
    0x00002a38   0x00002a38   0x00000048   Code   RO           41    .text.SYSCFG_DL_TIMER_1_init  ti_msp_dl_config.o
    0x00002a80   0x00002a80   0x0000009c   Code   RO           45    .text.SYSCFG_DL_UART_0_DEBUG_init  ti_msp_dl_config.o
    0x00002b1c   0x00002b1c   0x00000098   Code   RO           49    .text.SYSCFG_DL_UART_1_init  ti_msp_dl_config.o
    0x00002bb4   0x00002bb4   0x00000084   Code   RO           47    .text.SYSCFG_DL_UART_3_init  ti_msp_dl_config.o
    0x00002c38   0x00002c38   0x0000006c   Code   RO           25    .text.SYSCFG_DL_init  ti_msp_dl_config.o
    0x00002ca4   0x00002ca4   0x00000094   Code   RO           27    .text.SYSCFG_DL_initPower  ti_msp_dl_config.o
    0x00002d38   0x00002d38   0x00000084   Code   RO          185    .text.Set_PWM       bsp_motor.o
    0x00002dbc   0x00002dbc   0x00000054   Code   RO          593    .text.TEST_FIVE     test.o
    0x00002e10   0x00002e10   0x0000005c   Code   RO          591    .text.TEST_FOUR     test.o
    0x00002e6c   0x00002e6c   0x0000004c   Code   RO          589    .text.TEST_THREE    test.o
    0x00002eb8   0x00002eb8   0x0000005c   Code   RO          587    .text.TEST_TWO      test.o
    0x00002f14   0x00002f14   0x0000000c   Code   RO            4    .text.TIMA0_IRQHandler  empty.o
    0x00002f20   0x00002f20   0x00000054   Code   RO            6    .text.TIMG6_IRQHandler  empty.o
    0x00002f74   0x00002f74   0x00000038   Code   RO          560    .text.TWO_BUJIN_START_Init  bujin.o
    0x00002fac   0x00002fac   0x00000002   Code   RO          605    .text.UART1_Console_write  my_usart_dma.o
    0x00002fae   0x00002fae   0x00000002   PAD
    0x00002fb0   0x00002fb0   0x00000034   Code   RO          615    .text.UART1_IRQHandler  my_usart_dma.o
    0x00002fe4   0x00002fe4   0x000001a4   Code   RO          368    .text.UART2_IRQHandler  jy61p.o
    0x00003188   0x00003188   0x00000090   Code   RO          613    .text.UART3_IRQHandler  my_usart_dma.o
    0x00003218   0x00003218   0x0000004c   Code   RO          111    .text.UART_printf   board.o
    0x00003264   0x00003264   0x00000014   Code   RO          407    .text.all_init      all.o
    0x00003278   0x00003278   0x00000008   Code   RO           93    .text.board_init    board.o
    0x00003280   0x00003280   0x000000b0   Code   RO          277    .text.click         key.o
    0x00003330   0x00003330   0x0000008c   Code   RO          411    .text.code_carry    all.o
    0x000033bc   0x000033bc   0x0000002c   Code   RO          101    .text.delay_1ms     board.o
    0x000033e8   0x000033e8   0x00000030   Code   RO           97    .text.delay_ms      board.o
    0x00003418   0x00003418   0x00000030   Code   RO           95    .text.delay_us      board.o
    0x00003448   0x00003448   0x00000190   Code   RO          630    .text.k230_DATA_GET  k230.o
    0x000035d8   0x000035d8   0x00000074   Code   RO            2    .text.main          empty.o
    0x0000364c   0x0000364c   0x00000060   Code   RO          279    .text.question_click  key.o
    0x000036ac   0x000036ac   0x00000020   Code   RO          109    .text.uart3_send_string  board.o
    0x000036cc   0x000036cc   0x000001b8   Code   RO          413    .text.xunxian       all.o
    0x00003884   0x00003884   0x0000021c   Code   RO          417    .text.xunxian_five  all.o
    0x00003aa0   0x00003aa0   0x0000021c   Code   RO          415    .text.xunxian_four  all.o
    0x00003cbc   0x00003cbc   0x00000030   Code   RO         1647    i.__0vsnprintf      mc_p.l(printfa.o)
    0x00003cec   0x00003cec   0x0000002e   Code   RO         1775    i.__ARM_clz         mf_p.l(depilogue.o)
    0x00003d1a   0x00003d1a   0x00000002   PAD
    0x00003d1c   0x00003d1c   0x00000008   Code   RO         1761    i.__aeabi_errno_addr  mc_p.l(errno.o)
    0x00003d24   0x00003d24   0x00000004   PAD
    0x00003d28   0x00003d28   0x0000000e   Code   RO         1819    i.__scatterload_copy  mc_p.l(handlers.o)
    0x00003d36   0x00003d36   0x00000002   PAD
    0x00003d38   0x00003d38   0x00000002   Code   RO         1820    i.__scatterload_null  mc_p.l(handlers.o)
    0x00003d3a   0x00003d3a   0x00000006   PAD
    0x00003d40   0x00003d40   0x0000000e   Code   RO         1821    i.__scatterload_zeroinit  mc_p.l(handlers.o)
    0x00003d4e   0x00003d4e   0x00000002   PAD
    0x00003d50   0x00003d50   0x00000174   Code   RO         1649    i._fp_digits        mc_p.l(printfa.o)
    0x00003ec4   0x00003ec4   0x000006ec   Code   RO         1650    i._printf_core      mc_p.l(printfa.o)
    0x000045b0   0x000045b0   0x00000020   Code   RO         1651    i._printf_post_padding  mc_p.l(printfa.o)
    0x000045d0   0x000045d0   0x0000002c   Code   RO         1652    i._printf_pre_padding  mc_p.l(printfa.o)
    0x000045fc   0x000045fc   0x00000016   Code   RO         1653    i._snputc           mc_p.l(printfa.o)
    0x00004612   0x00004612   0x00000081   Data   RO         1786    .constdata          mc_p.l(ctype_o.o)
    0x00004693   0x00004693   0x00000001   PAD
    0x00004694   0x00004694   0x00000004   Data   RO         1787    .constdata          mc_p.l(ctype_o.o)
    0x00004698   0x00004698   0x00000228   Data   RO          328    .rodata.asc2_0806   oled.o
    0x000048c0   0x000048c0   0x00000474   Data   RO          329    .rodata.asc2_1206   oled.o
    0x00004d34   0x00004d34   0x000005f0   Data   RO          330    .rodata.asc2_1608   oled.o
    0x00005324   0x00005324   0x00000d5c   Data   RO          331    .rodata.asc2_2412   oled.o
    0x00006080   0x00006080   0x00000018   Data   RO           84    .rodata.gDMA_CH2Config  ti_msp_dl_config.o
    0x00006098   0x00006098   0x00000002   Data   RO           77    .rodata.gI2C_OLEDClockConfig  ti_msp_dl_config.o
    0x0000609a   0x0000609a   0x00000003   Data   RO           67    .rodata.gPWM_MOTORClockConfig  ti_msp_dl_config.o
    0x0000609d   0x0000609d   0x00000003   PAD
    0x000060a0   0x000060a0   0x00000008   Data   RO           68    .rodata.gPWM_MOTORConfig  ti_msp_dl_config.o
    0x000060a8   0x000060a8   0x00000003   Data   RO           69    .rodata.gPWM_MOTOR_COPYClockConfig  ti_msp_dl_config.o
    0x000060ab   0x000060ab   0x00000001   PAD
    0x000060ac   0x000060ac   0x00000008   Data   RO           70    .rodata.gPWM_MOTOR_COPYConfig  ti_msp_dl_config.o
    0x000060b4   0x000060b4   0x00000003   Data   RO           71    .rodata.gPWM_MOTOR_COPY_COPYClockConfig  ti_msp_dl_config.o
    0x000060b7   0x000060b7   0x00000001   PAD
    0x000060b8   0x000060b8   0x00000008   Data   RO           72    .rodata.gPWM_MOTOR_COPY_COPYConfig  ti_msp_dl_config.o
    0x000060c0   0x000060c0   0x00000028   Data   RO           66    .rodata.gSYSPLLConfig  ti_msp_dl_config.o
    0x000060e8   0x000060e8   0x00000003   Data   RO           73    .rodata.gTIMER_0ClockConfig  ti_msp_dl_config.o
    0x000060eb   0x000060eb   0x00000001   PAD
    0x000060ec   0x000060ec   0x00000014   Data   RO           74    .rodata.gTIMER_0TimerConfig  ti_msp_dl_config.o
    0x00006100   0x00006100   0x00000003   Data   RO           75    .rodata.gTIMER_1ClockConfig  ti_msp_dl_config.o
    0x00006103   0x00006103   0x00000001   PAD
    0x00006104   0x00006104   0x00000014   Data   RO           76    .rodata.gTIMER_1TimerConfig  ti_msp_dl_config.o
    0x00006118   0x00006118   0x00000002   Data   RO           78    .rodata.gUART_0_DEBUGClockConfig  ti_msp_dl_config.o
    0x0000611a   0x0000611a   0x0000000a   Data   RO           79    .rodata.gUART_0_DEBUGConfig  ti_msp_dl_config.o
    0x00006124   0x00006124   0x00000002   Data   RO           82    .rodata.gUART_1ClockConfig  ti_msp_dl_config.o
    0x00006126   0x00006126   0x0000000a   Data   RO           83    .rodata.gUART_1Config  ti_msp_dl_config.o
    0x00006130   0x00006130   0x00000002   Data   RO           80    .rodata.gUART_3ClockConfig  ti_msp_dl_config.o
    0x00006132   0x00006132   0x0000000a   Data   RO           81    .rodata.gUART_3Config  ti_msp_dl_config.o
    0x0000613c   0x0000613c   0x0000000b   Data   RO          597    .rodata.str1.1      test.o
    0x00006147   0x00006147   0x0000000c   Data   RO          639    .rodata.str1.1      k230.o
    0x00006153   0x00006153   0x00000001   PAD
    0x00006154   0x00006154   0x00000020   Data   RO         1818    Region$$Table       anon$$obj.o


    Execution Region RW_IRAM2 (Exec base: 0x20200000, Load base: 0x00006178, Size: 0x00001d70, Max: 0x00008000, ABSOLUTE)

    Exec Addr    Load Addr    Size         Type   Attr      Idx    E Section Name        Object

    0x20200000   0x00006178   0x00000004   Data   RW         1764    .data               mc_p.l(errno.o)
    0x20200004   0x0000617c   0x0000000d   Data   RW          574    .data.BUJIN_TREFER  bujin.o
    0x20200011   0x00006189   0x00000005   Data   RW          572    .data.BUJIN_init_down  bujin.o
    0x20200016   0x0000618e   0x00000005   Data   RW          573    .data.BUJIN_init_up  bujin.o
    0x2020001b   0x00006193   0x00000006   Data   RW          562    .data.BUJIN_start_down  bujin.o
    0x20200021   0x00006199   0x00000006   Data   RW          563    .data.BUJIN_start_up  bujin.o
    0x20200027   0x0000619f   0x00000001   Data   RW          617    .data.U1gConsoleTxTransmitted  my_usart_dma.o
    0x20200028   0x000061a0   0x00000028   Data   RW          163    .data.X_LOCATION_PID_NEW  yuntai_counter.o
    0x20200050   0x000061c8   0x00000028   Data   RW          164    .data.Y_LOCATION_PID_NEW  yuntai_counter.o
    0x20200078   0x000061f0   0x00000004   Data   RW          423    .data.basic_speed   all.o
    0x2020007c   0x000061f4   0x00000004   Data   RW          431    .data.enter_state   all.o
    0x20200080   0x000061f8   0x00000002   Data   RW          419    .data.exit_turn_state  all.o
    0x20200082   0x000061fa   0x00000002   PAD
    0x20200084   0x000061fc   0x00000004   Data   RW          433    .data.quanshu_five  all.o
    0x20200088   0x00006200   0x00000004   Data   RW          432    .data.quanshu_four  all.o
    0x2020008c   0x00006204   0x00000004   PAD
    0x20200090        -       0x00000004   Zero   RW          266    .bss.Data           bsp_track.o
    0x20200094        -       0x00000004   Zero   RW          191    .bss.Get_Encoder_countA  bsp_motor.o
    0x20200098        -       0x00000004   Zero   RW          192    .bss.Get_Encoder_countB  bsp_motor.o
    0x2020009c        -       0x00000008   Zero   RW          265    .bss.Inrared_Get.Infr_data  bsp_track.o
    0x202000a4        -       0x00000004   Zero   RW          422    .bss.KEY            all.o
    0x202000a8        -       0x00000004   Zero   RW          424    .bss.Left_basic_speed  all.o
    0x202000ac        -       0x00000480   Zero   RW          336    .bss.OLED_GRAM      oled.o
    0x2020052c        -       0x00000004   Zero   RW          383    .bss.Pitch          jy61p.o
    0x20200530        -       0x00000001   Zero   RW          376    .bss.PitchH         jy61p.o
    0x20200531        -       0x00000001   Zero   RW          375    .bss.PitchL         jy61p.o
    0x20200532   0x00006204   0x00000002   PAD
    0x20200534        -       0x00000004   Zero   RW          425    .bss.Right_basic_speed  all.o
    0x20200538        -       0x00000004   Zero   RW          382    .bss.Roll           jy61p.o
    0x2020053c        -       0x00000001   Zero   RW          374    .bss.RollH          jy61p.o
    0x2020053d        -       0x00000001   Zero   RW          373    .bss.RollL          jy61p.o
    0x2020053e        -       0x00000001   Zero   RW          370    .bss.RxState        jy61p.o
    0x2020053f        -       0x00000001   Zero   RW          381    .bss.SUM            jy61p.o
    0x20200540        -       0x00000001   Zero   RW          618    .bss.U1gConsoleTxDMATransmitted  my_usart_dma.o
    0x20200541        -       0x00000001   Zero   RW          380    .bss.VH             jy61p.o
    0x20200542        -       0x00000001   Zero   RW          379    .bss.VL             jy61p.o
    0x20200543   0x00006204   0x00000001   PAD
    0x20200544        -       0x00000004   Zero   RW          384    .bss.Yaw            jy61p.o
    0x20200548        -       0x00000001   Zero   RW          378    .bss.YawH           jy61p.o
    0x20200549        -       0x00000001   Zero   RW          377    .bss.YawL           jy61p.o
    0x2020054a        -       0x00000001   Zero   RW          371    .bss.dataIndex      jy61p.o
    0x2020054b   0x00006204   0x00000001   PAD
    0x2020054c        -       0x000000bc   Zero   RW           61    .bss.gPWM_MOTORBackup  ti_msp_dl_config.o
    0x20200608        -       0x00000078   Zero   RW           62    .bss.gPWM_MOTOR_COPY_COPYBackup  ti_msp_dl_config.o
    0x20200680        -       0x000000bc   Zero   RW           63    .bss.gTIMER_0Backup  ti_msp_dl_config.o
    0x2020073c        -       0x00000078   Zero   RW           64    .bss.gTIMER_1Backup  ti_msp_dl_config.o
    0x202007b4        -       0x00000030   Zero   RW           65    .bss.gUART_3Backup  ti_msp_dl_config.o
    0x202007e4        -       0x00000004   Zero   RW          193    .bss.gpio_interrup  bsp_motor.o
    0x202007e8        -       0x0000002c   Zero   RW          267    .bss.huidupid       bsp_track.o
    0x20200814        -       0x00000404   Zero   RW          638    .bss.k230           k230.o
    0x20200c18        -       0x00000001   Zero   RW          281    .bss.key_num        key.o
    0x20200c19   0x00006204   0x00000003   PAD
    0x20200c1c        -       0x00000130   Zero   RW          169    .bss.location       yuntai_counter.o
    0x20200d4c        -       0x00000002   Zero   RW          595    .bss.question_KEY   test.o
    0x20200d4e        -       0x00000002   Zero   RW          596    .bss.question_one_count  test.o
    0x20200d50        -       0x00000009   Zero   RW          372    .bss.receivedData   jy61p.o
    0x20200d59   0x00006204   0x00000003   PAD
    0x20200d5c        -       0x00000004   Zero   RW          428    .bss.recongnize_state  all.o
    0x20200d60        -       0x00000004   Zero   RW          429    .bss.recongnize_time  all.o
    0x20200d64        -       0x00000004   Zero   RW          426    .bss.track_feedback  all.o
    0x20200d68        -       0x00000002   Zero   RW          420    .bss.turn_count     all.o
    0x20200d6a        -       0x00000002   Zero   RW          421    .bss.turn_state     all.o
    0x20200d6c        -       0x00000004   Zero   RW          430    .bss.turngogo_state  all.o
    0x20200d70        -       0x00001000   Zero   RW           15    STACK               startup_mspm0g350x_uvision.o



  Load Region LR_BCR (Base: 0x41c00000, Size: 0x00000000, Max: 0x00000100, ABSOLUTE)

    Execution Region BCR_CONFIG (Exec base: 0x41c00000, Load base: 0x41c00000, Size: 0x00000000, Max: 0x00000080, ABSOLUTE)

    **** No section assigned to this execution region ****



  Load Region LR_BSL (Base: 0x41c00100, Size: 0x00000000, Max: 0x00000100, ABSOLUTE)

    Execution Region BSL_CONFIG (Exec base: 0x41c00100, Load base: 0x41c00100, Size: 0x00000000, Max: 0x00000080, ABSOLUTE)

    **** No section assigned to this execution region ****


==============================================================================

Image component sizes


      Code (inc. data)   RO Data    RW Data    ZI Data      Debug   Object Name

      1680        188          0         18         32       6969   all.o
       256         16          0          0          0       8441   board.o
       268         44          0          0         12       9334   bsp_motor.o
      1412         84          0          0         56       6695   bsp_track.o
       388         32          0         35          0       6176   bujin.o
        10          0          0          0          0        674   dl_common.o
        68          4          0          0          0       4546   dl_dma.o
        82          0          0          0          0       8292   dl_i2c.o
       316         28          0          0          0      18277   dl_sysctl_mspm0g1x0x_g3x0x.o
       636        192          0          0          0      32118   dl_timer.o
       110         12          0          0          0      13645   dl_uart.o
       212         40          0          0          0       6027   empty.o
       420         72          0          0         32       3840   jy61p.o
      1044        100         12          0       1028       5199   k230.o
       272         12          0          0          1       4930   key.o
        12          4          0          0          0       3702   laser.o
       198         28          0          1          1       5891   my_usart_dma.o
      2554        196       6632          0       1152      35834   oled.o
        20          4        192          0       4096        700   startup_mspm0g350x_uvision.o
       440         32         11          0          4       1433   test.o
      1852        348        181          0        664      45480   ti_msp_dl_config.o
       696         56          0         80        304       6143   yuntai_counter.o

    ----------------------------------------------------------------------
     12956       1492       7068        136       7396     234346   Object Totals
         0          0         32          0          0          0   (incl. Generated)
        10          0          8          2         14          0   (incl. Padding)

    ----------------------------------------------------------------------

      Code (inc. data)   RO Data    RW Data    ZI Data      Debug   Library Member Name

        30          0          0          0          0         60   _chval.o
       166          0          0          0          0         84   _strtoul.o
        26          0          0          0          0         72   atoi.o
         8          4        133          0          0         60   ctype_o.o
         0          0          0          0          0          0   entry.o
         0          0          0          0          0          0   entry10a.o
         0          0          0          0          0          0   entry11a.o
         8          4          0          0          0          0   entry2.o
         4          0          0          0          0          0   entry5.o
         0          0          0          0          0          0   entry7b.o
         0          0          0          0          0          0   entry8b.o
         8          4          0          0          0          0   entry9a.o
         8          4          0          4          0         60   errno.o
        30          0          0          0          0          0   handlers.o
        48         10          0          0          0         68   init.o
         0          0          0          0          0          0   iusefp.o
        32          0          0          0          0         68   llshl.o
        38          0          0          0          0         68   llsshr.o
        34          0          0          0          0         68   llushr.o
        36          0          0          0          0        100   memseta.o
      2290         94          0          0          0        460   printfa.o
       112          4          0          0          0         76   strtol.o
        62          0          0          0          0         72   uidiv_div0.o
        96          0          0          0          0         84   uldiv.o
        40          2          0          0          0         68   cdrcmple.o
       356          4          0          0          0        140   dadd.o
       240          6          0          0          0         84   ddiv.o
       236          0          0          0          0        216   depilogue.o
        64         10          0          0          0         68   dfixul.o
       208          6          0          0          0         88   dmul.o
       178          0          0          0          0        108   fadd.o
        28          0          0          0          0         60   fcmpge.o
        28          0          0          0          0         60   fcmpgt.o
        28          0          0          0          0         60   fcmplt.o
       130          0          0          0          0        144   fepilogue.o
        50          0          0          0          0         60   ffixi.o
        22          0          0          0          0         68   fflti.o
       122          0          0          0          0         72   fmul.o

    ----------------------------------------------------------------------
      4790        160        134          4          0       2696   Library Totals
        24          8          1          0          0          0   (incl. Padding)

    ----------------------------------------------------------------------

      Code (inc. data)   RO Data    RW Data    ZI Data      Debug   Library Name

      3036        124        133          4          0       1400   mc_p.l
      1730         28          0          0          0       1296   mf_p.l

    ----------------------------------------------------------------------
      4790        160        134          4          0       2696   Library Totals

    ----------------------------------------------------------------------

==============================================================================


      Code (inc. data)   RO Data    RW Data    ZI Data      Debug   

     17746       1652       7202        140       7396     235466   Grand Totals
     17746       1652       7202        140       7396     235466   ELF Image Totals
     17746       1652       7202        140          0          0   ROM Totals

==============================================================================

    Total RO  Size (Code + RO Data)                24948 (  24.36kB)
    Total RW  Size (RW Data + ZI Data)              7536 (   7.36kB)
    Total ROM Size (Code + RO Data + RW Data)      25088 (  24.50kB)

==============================================================================

